Component: ARM Compiler 5.05 update 1 (build 106) Tool: armlink [4d0efa]

==============================================================================

Section Cross References

    main.o(i.main) refers to misc.o(i.NVIC_PriorityGroupConfig) for NVIC_PriorityGroupConfig
    main.o(i.main) refers to delay.o(i.delay_init) for delay_init
    main.o(i.main) refers to usart.o(i.uart_init) for uart_init
    main.o(i.main) refers to led.o(i.LED_Init) for LED_Init
    main.o(i.main) refers to lcd.o(i.LCD_Init) for LCD_Init
    main.o(i.main) refers to usbd_core.o(i.USBD_Init) for USBD_Init
    main.o(i.main) refers to lcd.o(i.LCD_ShowString) for LCD_ShowString
    main.o(i.main) refers to tasks.o(i.xTaskCreate) for xTaskCreate
    main.o(i.main) refers to tasks.o(i.vTaskStartScheduler) for vTaskStartScheduler
    main.o(i.main) refers to usbd_usr.o(.data) for USR_cb
    main.o(i.main) refers to usbd_cdc_core.o(.data) for USBD_CDC_cb
    main.o(i.main) refers to usbd_desc.o(.data) for USR_desc
    main.o(i.main) refers to main.o(.bss) for .bss
    main.o(i.main) refers to lcd.o(.data) for POINT_COLOR
    main.o(i.main) refers to main.o(.data) for .data
    main.o(i.main) refers to main.o(i.start_task) for start_task
    main.o(i.start_task) refers to port.o(i.vPortEnterCritical) for vPortEnterCritical
    main.o(i.start_task) refers to tasks.o(i.xTaskCreate) for xTaskCreate
    main.o(i.start_task) refers to tasks.o(i.vTaskDelete) for vTaskDelete
    main.o(i.start_task) refers to port.o(i.vPortExitCritical) for vPortExitCritical
    main.o(i.start_task) refers to main.o(.data) for .data
    main.o(i.start_task) refers to main.o(i.task1_task) for task1_task
    main.o(i.start_task) refers to main.o(i.task2_task) for task2_task
    main.o(i.start_task) refers to main.o(i.task3_task) for task3_task
    main.o(i.start_task) refers to main.o(i.task4_task) for task4_task
    main.o(i.task1_task) refers to tasks.o(i.xTaskGenericNotify) for xTaskGenericNotify
    main.o(i.task1_task) refers to usbd_cdc_vcp.o(.bss) for USB_USART_RX_BUF
    main.o(i.task1_task) refers to main.o(.data) for .data
    main.o(i.task1_task) refers to usbd_cdc_vcp.o(.data) for USB_USART_RX_STA
    main.o(i.task2_task) refers to tasks.o(i.xTaskNotifyWait) for xTaskNotifyWait
    main.o(i.task2_task) refers to usbd_cdc_vcp.o(i.usb_printf) for usb_printf
    main.o(i.task2_task) refers to tasks.o(i.vTaskDelay) for vTaskDelay
    main.o(i.task2_task) refers to usbd_cdc_vcp.o(.bss) for USB_USART_RX_BUF
    main.o(i.task3_task) refers to tasks.o(i.xTaskNotifyWait) for xTaskNotifyWait
    main.o(i.task3_task) refers to usbd_cdc_vcp.o(i.usb_printf) for usb_printf
    main.o(i.task3_task) refers to tasks.o(i.vTaskDelay) for vTaskDelay
    main.o(i.task3_task) refers to usbd_cdc_vcp.o(.bss) for USB_USART_RX_BUF
    main.o(i.task4_task) refers to tasks.o(i.xTaskNotifyWait) for xTaskNotifyWait
    main.o(i.task4_task) refers to usbd_cdc_vcp.o(i.usb_printf) for usb_printf
    main.o(i.task4_task) refers to tasks.o(i.vTaskDelay) for vTaskDelay
    main.o(i.task4_task) refers to usbd_cdc_vcp.o(.bss) for USB_USART_RX_BUF
    system_stm32f4xx.o(i.SystemCoreClockUpdate) refers to system_stm32f4xx.o(.data) for .data
    system_stm32f4xx.o(i.SystemInit) refers to system_stm32f4xx.o(i.SetSysClock) for SetSysClock
    led.o(i.LED_Init) refers to stm32f4xx_rcc.o(i.RCC_AHB1PeriphClockCmd) for RCC_AHB1PeriphClockCmd
    led.o(i.LED_Init) refers to stm32f4xx_gpio.o(i.GPIO_Init) for GPIO_Init
    led.o(i.LED_Init) refers to stm32f4xx_gpio.o(i.GPIO_SetBits) for GPIO_SetBits
    timer.o(i.ConfigureTimeForRunTimeStats) refers to timer.o(i.TIM3_Int_Init) for TIM3_Int_Init
    timer.o(i.ConfigureTimeForRunTimeStats) refers to timer.o(.data) for .data
    timer.o(i.TIM3_IRQHandler) refers to stm32f4xx_tim.o(i.TIM_GetITStatus) for TIM_GetITStatus
    timer.o(i.TIM3_IRQHandler) refers to stm32f4xx_tim.o(i.TIM_ClearITPendingBit) for TIM_ClearITPendingBit
    timer.o(i.TIM3_IRQHandler) refers to timer.o(.data) for .data
    timer.o(i.TIM3_Int_Init) refers to stm32f4xx_rcc.o(i.RCC_APB1PeriphClockCmd) for RCC_APB1PeriphClockCmd
    timer.o(i.TIM3_Int_Init) refers to stm32f4xx_tim.o(i.TIM_TimeBaseInit) for TIM_TimeBaseInit
    timer.o(i.TIM3_Int_Init) refers to stm32f4xx_tim.o(i.TIM_ITConfig) for TIM_ITConfig
    timer.o(i.TIM3_Int_Init) refers to stm32f4xx_tim.o(i.TIM_Cmd) for TIM_Cmd
    timer.o(i.TIM3_Int_Init) refers to misc.o(i.NVIC_Init) for NVIC_Init
    lcd.o(i.LCD_Clear) refers to lcd.o(i.LCD_SetCursor) for LCD_SetCursor
    lcd.o(i.LCD_Clear) refers to lcd.o(i.LCD_WriteRAM_Prepare) for LCD_WriteRAM_Prepare
    lcd.o(i.LCD_Clear) refers to lcd.o(.bss) for .bss
    lcd.o(i.LCD_Color_Fill) refers to lcd.o(i.LCD_SetCursor) for LCD_SetCursor
    lcd.o(i.LCD_Color_Fill) refers to lcd.o(i.LCD_WriteRAM_Prepare) for LCD_WriteRAM_Prepare
    lcd.o(i.LCD_DisplayOff) refers to lcd.o(i.LCD_WriteReg) for LCD_WriteReg
[...]
    DMA2_Stream1_IRQHandler                  0x080003e7   Thumb Code     0  startup_stm32f40_41xxx.o(.text)
    DMA2_Stream2_IRQHandler                  0x080003e7   Thumb Code     0  startup_stm32f40_41xxx.o(.text)
    DMA2_Stream3_IRQHandler                  0x080003e7   Thumb Code     0  startup_stm32f40_41xxx.o(.text)
    DMA2_Stream4_IRQHandler                  0x080003e7   Thumb Code     0  startup_stm32f40_41xxx.o(.text)
    DMA2_Stream5_IRQHandler                  0x080003e7   Thumb Code     0  startup_stm32f40_41xxx.o(.text)
    DMA2_Stream6_IRQHandler                  0x080003e7   Thumb Code     0  startup_stm32f40_41xxx.o(.text)
    DMA2_Stream7_IRQHandler                  0x080003e7   Thumb Code     0  startup_stm32f40_41xxx.o(.text)
    ETH_IRQHandler                           0x080003e7   Thumb Code     0  startup_stm32f40_41xxx.o(.text)
    ETH_WKUP_IRQHandler                      0x080003e7   Thumb Code     0  startup_stm32f40_41xxx.o(.text)
    EXTI0_IRQHandler                         0x080003e7   Thumb Code     0  startup_stm32f40_41xxx.o(.text)
    EXTI15_10_IRQHandler                     0x080003e7   Thumb Code     0  startup_stm32f40_41xxx.o(.text)
    EXTI1_IRQHandler                         0x080003e7   Thumb Code     0  startup_stm32f40_41xxx.o(.text)
    EXTI2_IRQHandler                         0x080003e7   Thumb Code     0  startup_stm32f40_41xxx.o(.text)
    EXTI3_IRQHandler                         0x080003e7   Thumb Code     0  startup_stm32f40_41xxx.o(.text)
    EXTI4_IRQHandler                         0x080003e7   Thumb Code     0  startup_stm32f40_41xxx.o(.text)
    EXTI9_5_IRQHandler                       0x080003e7   Thumb Code     0  startup_stm32f40_41xxx.o(.text)
    FLASH_IRQHandler                         0x080003e7   Thumb Code     0  startup_stm32f40_41xxx.o(.text)
    FPU_IRQHandler                           0x080003e7   Thumb Code     0  startup_stm32f40_41xxx.o(.text)
    FSMC_IRQHandler                          0x080003e7   Thumb Code     0  startup_stm32f40_41xxx.o(.text)
    HASH_RNG_IRQHandler                      0x080003e7   Thumb Code     0  startup_stm32f40_41xxx.o(.text)
    I2C1_ER_IRQHandler                       0x080003e7   Thumb Code     0  startup_stm32f40_41xxx.o(.text)
    I2C1_EV_IRQHandler                       0x080003e7   Thumb Code     0  startup_stm32f40_41xxx.o(.text)
    I2C2_ER_IRQHandler                       0x080003e7   Thumb Code     0  startup_stm32f40_41xxx.o(.text)
    I2C2_EV_IRQHandler                       0x080003e7   Thumb Code     0  startup_stm32f40_41xxx.o(.text)
    I2C3_ER_IRQHandler                       0x080003e7   Thumb Code     0  startup_stm32f40_41xxx.o(.text)
    I2C3_EV_IRQHandler                       0x080003e7   Thumb Code     0  startup_stm32f40_41xxx.o(.text)
    OTG_FS_WKUP_IRQHandler                   0x080003e7   Thumb Code     0  startup_stm32f40_41xxx.o(.text)
    OTG_HS_EP1_IN_IRQHandler                 0x080003e7   Thumb Code     0  startup_stm32f40_41xxx.o(.text)
    OTG_HS_EP1_OUT_IRQHandler                0x080003e7   Thumb Code     0  startup_stm32f40_41xxx.o(.text)
    OTG_HS_WKUP_IRQHandler                   0x080003e7   Thumb Code     0  startup_stm32f40_41xxx.o(.text)
    PVD_IRQHandler                           0x080003e7   Thumb Code     0  startup_stm32f40_41xxx.o(.text)
    RCC_IRQHandler                           0x080003e7   Thumb Code     0  startup_stm32f40_41xxx.o(.text)
    RTC_Alarm_IRQHandler                     0x080003e7   Thumb Code     0  startup_stm32f40_41xxx.o(.text)
    RTC_WKUP_IRQHandler                      0x080003e7   Thumb Code     0  startup_stm32f40_41xxx.o(.text)
    SDIO_IRQHandler                          0x080003e7   Thumb Code     0  startup_stm32f40_41xxx.o(.text)
    SPI1_IRQHandler                          0x080003e7   Thumb Code     0  startup_stm32f40_41xxx.o(.text)
    SPI2_IRQHandler                          0x080003e7   Thumb Code     0  startup_stm32f40_41xxx.o(.text)
    SPI3_IRQHandler                          0x080003e7   Thumb Code     0  startup_stm32f40_41xxx.o(.text)
    TAMP_STAMP_IRQHandler                    0x080003e7   Thumb Code     0  startup_stm32f40_41xxx.o(.text)
    TIM1_BRK_TIM9_IRQHandler                 0x080003e7   Thumb Code     0  startup_stm32f40_41xxx.o(.text)
    TIM1_CC_IRQHandler                       0x080003e7   Thumb Code     0  startup_stm32f40_41xxx.o(.text)
    TIM1_TRG_COM_TIM11_IRQHandler            0x080003e7   Thumb Code     0  startup_stm32f40_41xxx.o(.text)
    TIM1_UP_TIM10_IRQHandler                 0x080003e7   Thumb Code     0  startup_stm32f40_41xxx.o(.text)
    TIM2_IRQHandler                          0x080003e7   Thumb Code     0  startup_stm32f40_41xxx.o(.text)
    TIM4_IRQHandler                          0x080003e7   Thumb Code     0  startup_stm32f40_41xxx.o(.text)
    TIM5_IRQHandler                          0x080003e7   Thumb Code     0  startup_stm32f40_41xxx.o(.text)
    TIM6_DAC_IRQHandler                      0x080003e7   Thumb Code     0  startup_stm32f40_41xxx.o(.text)
    TIM7_IRQHandler                          0x080003e7   Thumb Code     0  startup_stm32f40_41xxx.o(.text)
    TIM8_BRK_TIM12_IRQHandler                0x080003e7   Thumb Code     0  startup_stm32f40_41xxx.o(.text)
    TIM8_CC_IRQHandler                       0x080003e7   Thumb Code     0  startup_stm32f40_41xxx.o(.text)
    TIM8_TRG_COM_TIM14_IRQHandler            0x080003e7   Thumb Code     0  startup_stm32f40_41xxx.o(.text)
    TIM8_UP_TIM13_IRQHandler                 0x080003e7   Thumb Code     0  startup_stm32f40_41xxx.o(.text)
    UART4_IRQHandler                         0x080003e7   Thumb Code     0  startup_stm32f40_41xxx.o(.text)
    UART5_IRQHandler                         0x080003e7   Thumb Code     0  startup_stm32f40_41xxx.o(.text)
    USART2_IRQHandler                        0x080003e7   Thumb Code     0  startup_stm32f40_41xxx.o(.text)
    USART3_IRQHandler                        0x080003e7   Thumb Code     0  startup_stm32f40_41xxx.o(.text)
    USART6_IRQHandler                        0x080003e7   Thumb Code     0  startup_stm32f40_41xxx.o(.text)
    WWDG_IRQHandler                          0x080003e7   Thumb Code     0  startup_stm32f40_41xxx.o(.text)
    __user_initial_stackheap                 0x080003e9   Thumb Code     0  startup_stm32f40_41xxx.o(.text)
    __use_no_semihosting                     0x0800040d   Thumb Code     2  use_no_semi_2.o(.text)
    __c89vsprintf                            0x08000411   Thumb Code    32  c89vsprintf.o(.text)
    __2printf                                0x08000435   Thumb Code    20  __2printf.o(.text)
    _printf_str                              0x0800044d   Thumb Code    82  _printf_str.o(.text)
    _printf_int_dec                          0x080004a1   Thumb Code   104  _printf_dec.o(.text)
    _printf_longlong_hex                     0x08000519   Thumb Code    86  _printf_hex_int_ll_ptr.o(.text)
    _printf_int_hex                          0x0800056f   Thumb Code    28  _printf_hex_int_ll_ptr.o(.text)
    _printf_ll_hex                           0x0800058b   Thumb Code    12  _printf_hex_int_ll_ptr.o(.text)
    _printf_hex_ptr                          0x08000597   Thumb Code    18  _printf_hex_int_ll_ptr.o(.text)
    __printf                                 0x080005ad   Thumb Code   388  __printf_flags_ss_wp.o(.text)
    strlen                                   0x08000735   Thumb Code    62  strlen.o(.text)
    __aeabi_memcpy                           0x08000773   Thumb Code     0  rt_memcpy_v6.o(.text)
    __rt_memcpy                              0x08000773   Thumb Code   138  rt_memcpy_v6.o(.text)
    _memcpy_lastbytes                        0x080007d9   Thumb Code     0  rt_memcpy_v6.o(.text)
    __aeabi_memset                           0x080007fd   Thumb Code    16  aeabi_memset.o(.text)
    __use_two_region_memory                  0x0800080d   Thumb Code     2  heapauxi.o(.text)
    __rt_heap_escrow$2region                 0x0800080f   Thumb Code     2  heapauxi.o(.text)
    __rt_heap_expand$2region                 0x08000811   Thumb Code     2  heapauxi.o(.text)
    __I$use$semihosting                      0x08000813   Thumb Code     0  use_no_semi.o(.text)
    __use_no_semihosting_swi                 0x08000813   Thumb Code     2  use_no_semi.o(.text)
    _printf_pre_padding                      0x08000815   Thumb Code    44  _printf_pad.o(.text)
    _printf_post_padding                     0x08000841   Thumb Code    34  _printf_pad.o(.text)
    _printf_truncate_signed                  0x08000863   Thumb Code    18  _printf_truncate.o(.text)
    _printf_truncate_unsigned                0x08000875   Thumb Code    18  _printf_truncate.o(.text)
    _printf_int_common                       0x08000887   Thumb Code   178  _printf_intcommon.o(.text)
    _printf_charcount                        0x08000939   Thumb Code    40  _printf_charcount.o(.text)
    _printf_char_common                      0x0800096b   Thumb Code    32  _printf_char_common.o(.text)
    _sputc                                   0x08000991   Thumb Code    10  _sputc.o(.text)
    _printf_cs_common                        0x0800099b   Thumb Code    20  _printf_char.o(.text)
    _printf_char                             0x080009af   Thumb Code    16  _printf_char.o(.text)
    _printf_string                           0x080009bf   Thumb Code     8  _printf_char.o(.text)
    _printf_char_file                        0x080009c9   Thumb Code    32  _printf_char_file.o(.text)
    _printf_wctomb                           0x080009ed   Thumb Code   182  _printf_wctomb.o(.text)
    _printf_longlong_dec                     0x08000aa9   Thumb Code   108  _printf_longlong_dec.o(.text)
    _printf_longlong_oct                     0x08000b25   Thumb Code    68  _printf_oct_int_ll.o(.text)
    _printf_int_oct                          0x08000b69   Thumb Code    24  _printf_oct_int_ll.o(.text)
    _printf_ll_oct                           0x08000b81   Thumb Code    12  _printf_oct_int_ll.o(.text)
    __aeabi_memcpy4                          0x08000b95   Thumb Code     0  rt_memcpy_w.o(.text)
    __aeabi_memcpy8                          0x08000b95   Thumb Code     0  rt_memcpy_w.o(.text)
    __rt_memcpy_w                            0x08000b95   Thumb Code   100  rt_memcpy_w.o(.text)
    _memcpy_lastbytes_aligned                0x08000bdd   Thumb Code     0  rt_memcpy_w.o(.text)
    __aeabi_memclr                           0x08000bf9   Thumb Code     0  rt_memclr.o(.text)
    __rt_memclr                              0x08000bf9   Thumb Code    68  rt_memclr.o(.text)
    _memset                                  0x08000bfd   Thumb Code     0  rt_memclr.o(.text)
    _ll_udiv10                               0x08000c3d   Thumb Code   138  lludiv10.o(.text)
    __lib_sel_fp_printf                      0x08000cc7   Thumb Code     2  _printf_fp_dec.o(.text)
    _printf_fp_dec_real                      0x08000e75   Thumb Code   620  _printf_fp_dec.o(.text)
    _printf_lcs_common                       0x080010e1   Thumb Code    20  _printf_wchar.o(.text)
    _printf_wchar                            0x080010f5   Thumb Code    16  _printf_wchar.o(.text)
    _printf_wstring                          0x08001105   Thumb Code     8  _printf_wchar.o(.text)
    ferror                                   0x0800110d   Thumb Code     8  ferror.o(.text)
    _wcrtomb                                 0x08001115   Thumb Code    64  _wcrtomb.o(.text)
    __aeabi_memclr4                          0x08001155   Thumb Code     0  rt_memclr_w.o(.text)
    __aeabi_memclr8                          0x08001155   Thumb Code     0  rt_memclr_w.o(.text)
    __rt_memclr_w                            0x08001155   Thumb Code    78  rt_memclr_w.o(.text)
    _memset_w                                0x08001159   Thumb Code     0  rt_memclr_w.o(.text)
    __user_setup_stackheap                   0x080011a3   Thumb Code    74  sys_stackheap_outer.o(.text)
    __rt_ctype_table                         0x080011ed   Thumb Code    16  rt_ctype_table.o(.text)
    __rt_locale                              0x080011fd   Thumb Code     8  rt_locale_intlibspace.o(.text)
    _printf_fp_infnan                        0x08001205   Thumb Code   112  _printf_fp_infnan.o(.text)
    _btod_etento                             0x08001285   Thumb Code   216  bigflt0.o(.text)
    exit                                     0x08001361   Thumb Code    12  exit.o(.text)
    __user_libspace                          0x0800136d   Thumb Code     8  libspace.o(.text)
    __user_perproc_libspace                  0x0800136d   Thumb Code     0  libspace.o(.text)
    __user_perthread_libspace                0x0800136d   Thumb Code     0  libspace.o(.text)
    strcmp                                   0x08001375   Thumb Code   128  strcmpv7m.o(.text)
    _btod_d2e                                0x080013f5   Thumb Code    62  btod.o(CL$$btod_d2e)
    _d2e_denorm_low                          0x08001433   Thumb Code    70  btod.o(CL$$btod_d2e_denorm_low)
    _d2e_norm_op1                            0x08001479   Thumb Code    96  btod.o(CL$$btod_d2e_norm_op1)
    __btod_div_common                        0x080014d9   Thumb Code   696  btod.o(CL$$btod_div_common)
    _e2e                                     0x08001811   Thumb Code   198  btod.o(CL$$btod_e2e)
    _btod_ediv                               0x080018d7   Thumb Code    40  btod.o(CL$$btod_ediv)
    _btod_emul                               0x080018ff   Thumb Code    40  btod.o(CL$$btod_emul)
    __btod_mult_common                       0x08001927   Thumb Code   580  btod.o(CL$$btod_mult_common)
    BusFault_Handler                         0x08001b6b   Thumb Code     2  stm32f4xx_it.o(i.BusFault_Handler)
    ConfigureTimeForRunTimeStats             0x08001b6d   Thumb Code    16  timer.o(i.ConfigureTimeForRunTimeStats)
    DCD_EP_Close                             0x08001b81   Thumb Code    44  usb_dcd.o(i.DCD_EP_Close)
    DCD_EP_ClrStall                          0x08001bad   Thumb Code    56  usb_dcd.o(i.DCD_EP_ClrStall)
    DCD_EP_Open                              0x08001be5   Thumb Code    60  usb_dcd.o(i.DCD_EP_Open)
    DCD_EP_PrepareRx                         0x08001c21   Thumb Code    68  usb_dcd.o(i.DCD_EP_PrepareRx)
    DCD_EP_SetAddress                        0x08001c65   Thumb Code    16  usb_dcd.o(i.DCD_EP_SetAddress)
    DCD_EP_Stall                             0x08001c75   Thumb Code    56  usb_dcd.o(i.DCD_EP_Stall)
    DCD_EP_Tx                                0x08001cad   Thumb Code    62  usb_dcd.o(i.DCD_EP_Tx)
    DCD_Init                                 0x08001fd5   Thumb Code   146  usb_dcd.o(i.DCD_Init)
    DebugMon_Handler                         0x080020d9   Thumb Code     2  stm32f4xx_it.o(i.DebugMon_Handler)
    FSMC_NORSRAMCmd                          0x080020dd   Thumb Code    26  stm32f4xx_fsmc.o(i.FSMC_NORSRAMCmd)
    FSMC_NORSRAMInit                         0x080020fd   Thumb Code   200  stm32f4xx_fsmc.o(i.FSMC_NORSRAMInit)
    GPIO_Init                                0x080021c5   Thumb Code   120  stm32f4xx_gpio.o(i.GPIO_Init)
    GPIO_PinAFConfig                         0x0800223d   Thumb Code    32  stm32f4xx_gpio.o(i.GPIO_PinAFConfig)
    GPIO_SetBits                             0x0800225d   Thumb Code     4  stm32f4xx_gpio.o(i.GPIO_SetBits)
    HardFault_Handler                        0x080022c5   Thumb Code     2  stm32f4xx_it.o(i.HardFault_Handler)
    LCD_Clear                                0x080022c9   Thumb Code   104  lcd.o(i.LCD_Clear)
    LCD_Display_Dir                          0x08002335   Thumb Code   304  lcd.o(i.LCD_Display_Dir)
    LCD_Fast_DrawPoint                       0x08002469   Thumb Code   266  lcd.o(i.LCD_Fast_DrawPoint)
    LCD_Init                                 0x08002579   Thumb Code 14094  lcd.o(i.LCD_Init)
    LCD_RD_DATA                              0x08005c87   Thumb Code    20  lcd.o(i.LCD_RD_DATA)
    LCD_ReadReg                              0x08005c9b   Thumb Code    20  lcd.o(i.LCD_ReadReg)
    LCD_SSD_BackLightSet                     0x08005cb1   Thumb Code    72  lcd.o(i.LCD_SSD_BackLightSet)
    LCD_Scan_Dir                             0x08005d01   Thumb Code   510  lcd.o(i.LCD_Scan_Dir)
    LCD_SetCursor                            0x08005f05   Thumb Code   332  lcd.o(i.LCD_SetCursor)
    LCD_ShowChar                             0x08006055   Thumb Code   184  lcd.o(i.LCD_ShowChar)
    LCD_ShowString                           0x08006121   Thumb Code    84  lcd.o(i.LCD_ShowString)
    LCD_WR_DATA                              0x08006175   Thumb Code    24  lcd.o(i.LCD_WR_DATA)
    LCD_WR_REG                               0x0800618d   Thumb Code    24  lcd.o(i.LCD_WR_REG)
    LCD_WriteRAM_Prepare                     0x080061a5   Thumb Code    14  lcd.o(i.LCD_WriteRAM_Prepare)
    LCD_WriteReg                             0x080061b9   Thumb Code    12  lcd.o(i.LCD_WriteReg)
    LED_Init                                 0x080061c5   Thumb Code    58  led.o(i.LED_Init)
    MemManage_Handler                        0x08006205   Thumb Code     2  stm32f4xx_it.o(i.MemManage_Handler)
    NMI_Handler                              0x08006207   Thumb Code     2  stm32f4xx_it.o(i.NMI_Handler)
    NVIC_Init                                0x08006209   Thumb Code    96  misc.o(i.NVIC_Init)
    NVIC_PriorityGroupConfig                 0x0800626d   Thumb Code    10  misc.o(i.NVIC_PriorityGroupConfig)
    OTG_FS_IRQHandler                        0x08006281   Thumb Code     6  usbd_usr.o(i.OTG_FS_IRQHandler)
    OTG_HS_IRQHandler                        0x0800628d   Thumb Code    18  usbd_usr.o(i.OTG_HS_IRQHandler)
    RCC_AHB1PeriphClockCmd                   0x080062b9   Thumb Code    18  stm32f4xx_rcc.o(i.RCC_AHB1PeriphClockCmd)
    RCC_AHB2PeriphClockCmd                   0x080062d1   Thumb Code    18  stm32f4xx_rcc.o(i.RCC_AHB2PeriphClockCmd)
    RCC_AHB3PeriphClockCmd                   0x080062e9   Thumb Code    18  stm32f4xx_rcc.o(i.RCC_AHB3PeriphClockCmd)
    RCC_APB1PeriphClockCmd                   0x08006301   Thumb Code    18  stm32f4xx_rcc.o(i.RCC_APB1PeriphClockCmd)
    RCC_APB2PeriphClockCmd                   0x08006319   Thumb Code    18  stm32f4xx_rcc.o(i.RCC_APB2PeriphClockCmd)
    RCC_GetClocksFreq                        0x08006331   Thumb Code   132  stm32f4xx_rcc.o(i.RCC_GetClocksFreq)
    SysTick_CLKSourceConfig                  0x08006475   Thumb Code    24  misc.o(i.SysTick_CLKSourceConfig)
    SysTick_Handler                          0x0800648d   Thumb Code    20  delay.o(i.SysTick_Handler)
    SystemInit                               0x080064a1   Thumb Code    74  system_stm32f4xx.o(i.SystemInit)
    TIM3_IRQHandler                          0x080064fd   Thumb Code    44  timer.o(i.TIM3_IRQHandler)
    TIM3_Int_Init                            0x08006531   Thumb Code    86  timer.o(i.TIM3_Int_Init)
    TIM_ClearITPendingBit                    0x0800658d   Thumb Code     6  stm32f4xx_tim.o(i.TIM_ClearITPendingBit)
    TIM_Cmd                                  0x08006593   Thumb Code    20  stm32f4xx_tim.o(i.TIM_Cmd)
    TIM_GetITStatus                          0x080065a7   Thumb Code    24  stm32f4xx_tim.o(i.TIM_GetITStatus)
    TIM_ITConfig                             0x080065bf   Thumb Code    16  stm32f4xx_tim.o(i.TIM_ITConfig)
    TIM_TimeBaseInit                         0x080065d1   Thumb Code    96  stm32f4xx_tim.o(i.TIM_TimeBaseInit)
    USART1_IRQHandler                        0x0800664d   Thumb Code    88  usart.o(i.USART1_IRQHandler)
    USART_Cmd                                0x080066b1   Thumb Code    20  stm32f4xx_usart.o(i.USART_Cmd)
    USART_GetITStatus                        0x080066c5   Thumb Code    62  stm32f4xx_usart.o(i.USART_GetITStatus)
    USART_ITConfig                           0x08006703   Thumb Code    48  stm32f4xx_usart.o(i.USART_ITConfig)
    USART_Init                               0x08006735   Thumb Code   164  stm32f4xx_usart.o(i.USART_Init)
    USART_ReceiveData                        0x080067e1   Thumb Code     8  stm32f4xx_usart.o(i.USART_ReceiveData)
    USBD_ClrCfg                              0x080067e9   Thumb Code    14  usbd_core.o(i.USBD_ClrCfg)
    USBD_CtlContinueRx                       0x080067f7   Thumb Code    18  usbd_ioreq.o(i.USBD_CtlContinueRx)
    USBD_CtlContinueSendData                 0x08006809   Thumb Code    18  usbd_ioreq.o(i.USBD_CtlContinueSendData)
    USBD_CtlError                            0x0800681b   Thumb Code    28  usbd_req.o(i.USBD_CtlError)
    USBD_CtlPrepareRx                        0x08006837   Thumb Code    32  usbd_ioreq.o(i.USBD_CtlPrepareRx)
    USBD_CtlReceiveStatus                    0x08006857   Thumb Code    34  usbd_ioreq.o(i.USBD_CtlReceiveStatus)
    USBD_CtlSendData                         0x08006879   Thumb Code    32  usbd_ioreq.o(i.USBD_CtlSendData)
    USBD_CtlSendStatus                       0x08006899   Thumb Code    34  usbd_ioreq.o(i.USBD_CtlSendStatus)
    USBD_GetString                           0x08006aaf   Thumb Code    70  usbd_req.o(i.USBD_GetString)
    USBD_Init                                0x08006af5   Thumb Code    52  usbd_core.o(i.USBD_Init)
    USBD_OTG_ISR_Handler                     0x08006b45   Thumb Code   326  usb_dcd_int.o(i.USBD_OTG_ISR_Handler)
    USBD_ParseSetupRequest                   0x08006c91   Thumb Code    68  usbd_req.o(i.USBD_ParseSetupRequest)
    USBD_SetCfg                              0x08006d29   Thumb Code    26  usbd_core.o(i.USBD_SetCfg)
    USBD_StdDevReq                           0x08006e7d   Thumb Code   236  usbd_req.o(i.USBD_StdDevReq)
    USBD_StdEPReq                            0x08006f6d   Thumb Code   208  usbd_req.o(i.USBD_StdEPReq)
    USBD_StdItfReq                           0x08007041   Thumb Code    54  usbd_req.o(i.USBD_StdItfReq)
    USBD_USR_ConfigStrDescriptor             0x08007095   Thumb Code    16  usbd_desc.o(i.USBD_USR_ConfigStrDescriptor)
    USBD_USR_DeviceConfigured                0x080070b5   Thumb Code     6  usbd_usr.o(i.USBD_USR_DeviceConfigured)
    USBD_USR_DeviceConnected                 0x080070d9   Thumb Code     6  usbd_usr.o(i.USBD_USR_DeviceConnected)
    USBD_USR_DeviceDescriptor                0x080070f9   Thumb Code     8  usbd_desc.o(i.USBD_USR_DeviceDescriptor)
    USBD_USR_DeviceDisconnected              0x08007105   Thumb Code     6  usbd_usr.o(i.USBD_USR_DeviceDisconnected)
    USBD_USR_DeviceReset                     0x08007129   Thumb Code    20  usbd_usr.o(i.USBD_USR_DeviceReset)
    USBD_USR_DeviceResumed                   0x080071a9   Thumb Code     6  usbd_usr.o(i.USBD_USR_DeviceResumed)
    USBD_USR_DeviceSuspended                 0x080071c5   Thumb Code     6  usbd_usr.o(i.USBD_USR_DeviceSuspended)
    USBD_USR_Init                            0x080071e9   Thumb Code     6  usbd_usr.o(i.USBD_USR_Init)
    USBD_USR_InterfaceStrDescriptor          0x08007201   Thumb Code    16  usbd_desc.o(i.USBD_USR_InterfaceStrDescriptor)
    USBD_USR_LangIDStrDescriptor             0x08007225   Thumb Code     8  usbd_desc.o(i.USBD_USR_LangIDStrDescriptor)
    USBD_USR_ManufacturerStrDescriptor       0x08007231   Thumb Code    16  usbd_desc.o(i.USBD_USR_ManufacturerStrDescriptor)
    USBD_USR_ProductStrDescriptor            0x08007259   Thumb Code    22  usbd_desc.o(i.USBD_USR_ProductStrDescriptor)
    USBD_USR_SerialStrDescriptor             0x080072bd   Thumb Code    22  usbd_desc.o(i.USBD_USR_SerialStrDescriptor)
    USB_OTG_BSP_EnableInterrupt              0x08007305   Thumb Code    34  usb_bsp.o(i.USB_OTG_BSP_EnableInterrupt)
    USB_OTG_BSP_Init                         0x08007329   Thumb Code   114  usb_bsp.o(i.USB_OTG_BSP_Init)
    USB_OTG_BSP_mDelay                       0x080073b1   Thumb Code     4  usb_bsp.o(i.USB_OTG_BSP_mDelay)
    USB_OTG_BSP_uDelay                       0x080073b5   Thumb Code     4  usb_bsp.o(i.USB_OTG_BSP_uDelay)
    USB_OTG_CoreInit                         0x080073b9   Thumb Code   128  usb_core.o(i.USB_OTG_CoreInit)
    USB_OTG_CoreInitDev                      0x08007439   Thumb Code   300  usb_core.o(i.USB_OTG_CoreInitDev)
    USB_OTG_DisableGlobalInt                 0x080075bd   Thumb Code    16  usb_core.o(i.USB_OTG_DisableGlobalInt)
    USB_OTG_EP0Activate                      0x080075cd   Thumb Code    58  usb_core.o(i.USB_OTG_EP0Activate)
    USB_OTG_EP0StartXfer                     0x08007607   Thumb Code   184  usb_core.o(i.USB_OTG_EP0StartXfer)
    USB_OTG_EP0_OutStart                     0x080076c1   Thumb Code    32  usb_core.o(i.USB_OTG_EP0_OutStart)
    USB_OTG_EPActivate                       0x080076e5   Thumb Code    82  usb_core.o(i.USB_OTG_EPActivate)
    USB_OTG_EPClearStall                     0x08007737   Thumb Code    50  usb_core.o(i.USB_OTG_EPClearStall)
    USB_OTG_EPDeactivate                     0x08007769   Thumb Code    52  usb_core.o(i.USB_OTG_EPDeactivate)
    USB_OTG_EPSetStall                       0x0800779d   Thumb Code    48  usb_core.o(i.USB_OTG_EPSetStall)
    USB_OTG_EPStartXfer                      0x080077cd   Thumb Code   298  usb_core.o(i.USB_OTG_EPStartXfer)
    USB_OTG_EnableDevInt                     0x080078f9   Thumb Code    66  usb_core.o(i.USB_OTG_EnableDevInt)
    USB_OTG_EnableGlobalInt                  0x08007941   Thumb Code    16  usb_core.o(i.USB_OTG_EnableGlobalInt)
    USB_OTG_FlushRxFifo                      0x08007951   Thumb Code    54  usb_core.o(i.USB_OTG_FlushRxFifo)
    USB_OTG_FlushTxFifo                      0x0800798d   Thumb Code    62  usb_core.o(i.USB_OTG_FlushTxFifo)
    USB_OTG_GetDeviceSpeed                   0x080079d1   Thumb Code    38  usb_core.o(i.USB_OTG_GetDeviceSpeed)
    USB_OTG_InitDevSpeed                     0x080079f7   Thumb Code    12  usb_core.o(i.USB_OTG_InitDevSpeed)
    USB_OTG_IsDeviceMode                     0x08007a03   Thumb Code    18  usb_core.o(i.USB_OTG_IsDeviceMode)
    USB_OTG_ReadCoreItr                      0x08007a15   Thumb Code    10  usb_core.o(i.USB_OTG_ReadCoreItr)
    USB_OTG_ReadDevAllInEPItr                0x08007a1f   Thumb Code    12  usb_core.o(i.USB_OTG_ReadDevAllInEPItr)
    USB_OTG_ReadDevAllOutEp_itr              0x08007a2b   Thumb Code    12  usb_core.o(i.USB_OTG_ReadDevAllOutEp_itr)
    USB_OTG_ReadDevOutEP_itr                 0x08007a37   Thumb Code    16  usb_core.o(i.USB_OTG_ReadDevOutEP_itr)
    USB_OTG_ReadPacket                       0x08007a47   Thumb Code    32  usb_core.o(i.USB_OTG_ReadPacket)
    USB_OTG_SelectCore                       0x08007a69   Thumb Code   188  usb_core.o(i.USB_OTG_SelectCore)
    USB_OTG_SetCurrentMode                   0x08007b29   Thumb Code    42  usb_core.o(i.USB_OTG_SetCurrentMode)
    USB_OTG_WritePacket                      0x08007b53   Thumb Code    40  usb_core.o(i.USB_OTG_WritePacket)
    UsageFault_Handler                       0x08007b7b   Thumb Code     2  stm32f4xx_it.o(i.UsageFault_Handler)
    VCP_Ctrl                                 0x08007b7d   Thumb Code   112  usbd_cdc_vcp.o(i.VCP_Ctrl)
    VCP_DataRx                               0x08007c59   Thumb Code    80  usbd_cdc_vcp.o(i.VCP_DataRx)
    VCP_DataTx                               0x08007cb1   Thumb Code    26  usbd_cdc_vcp.o(i.VCP_DataTx)
    VCP_DeInit                               0x08007cd5   Thumb Code     4  usbd_cdc_vcp.o(i.VCP_DeInit)
    VCP_Init                                 0x08007cd9   Thumb Code     4  usbd_cdc_vcp.o(i.VCP_Init)
    __ARM_fpclassify                         0x08007cdd   Thumb Code    48  fpclassify.o(i.__ARM_fpclassify)
    _is_digit                                0x08007d0d   Thumb Code    14  __printf_wp.o(i._is_digit)
    _sys_exit                                0x08007d1b   Thumb Code     2  usart.o(i._sys_exit)
    delay_init                               0x08007d1d   Thumb Code    50  delay.o(i.delay_init)
    delay_ms                                 0x08007d55   Thumb Code    52  delay.o(i.delay_ms)
    delay_us                                 0x08007d8d   Thumb Code    48  delay.o(i.delay_us)
    fputc                                    0x08007dc1   Thumb Code    14  usart.o(i.fputc)
    main                                     0x08007dd5   Thumb Code   176  main.o(i.main)
    pvPortMalloc                             0x08008765   Thumb Code   214  heap_4.o(i.pvPortMalloc)
    pvTaskIncrementMutexHeldCount            0x08008879   Thumb Code    18  tasks.o(i.pvTaskIncrementMutexHeldCount)
    pxPortInitialiseStack                    0x08008891   Thumb Code    40  port.o(i.pxPortInitialiseStack)
    start_task                               0x080088bd   Thumb Code   118  main.o(i.start_task)
    task1_task                               0x08008979   Thumb Code    96  main.o(i.task1_task)
    task2_task                               0x080089e9   Thumb Code    48  main.o(i.task2_task)
    task3_task                               0x08008a39   Thumb Code    44  main.o(i.task3_task)
    task4_task                               0x08008a85   Thumb Code    44  main.o(i.task4_task)
    uart_init                                0x08008ad1   Thumb Code   164  usart.o(i.uart_init)
    usb_printf                               0x08008b7d   Thumb Code    48  usbd_cdc_vcp.o(i.usb_printf)
    uxListRemove                             0x08008da9   Thumb Code    36  list.o(i.uxListRemove)
    vListInitialise                          0x08008dcd   Thumb Code    22  list.o(i.vListInitialise)
    vListInitialiseItem                      0x08008de3   Thumb Code     6  list.o(i.vListInitialiseItem)
    vListInsert                              0x08008de9   Thumb Code    48  list.o(i.vListInsert)
    vListInsertEnd                           0x08008e19   Thumb Code    24  list.o(i.vListInsertEnd)
    vPortEnterCritical                       0x08008e31   Thumb Code    50  port.o(i.vPortEnterCritical)
    vPortExitCritical                        0x08008ea9   Thumb Code    34  port.o(i.vPortExitCritical)
    vPortFree                                0x08008f0d   Thumb Code    94  heap_4.o(i.vPortFree)
    vPortSetupTimerInterrupt                 0x08008fa9   Thumb Code    26  port.o(i.vPortSetupTimerInterrupt)
    vPortValidateInterruptPriority           0x08008fc9   Thumb Code    70  port.o(i.vPortValidateInterruptPriority)
    vQueueAddToRegistry                      0x08009055   Thumb Code    32  queue.o(i.vQueueAddToRegistry)
    vQueueWaitForMessageRestricted           0x08009079   Thumb Code    68  queue.o(i.vQueueWaitForMessageRestricted)
    vTaskDelay                               0x080090bd   Thumb Code    62  tasks.o(i.vTaskDelay)
    vTaskDelete                              0x08009129   Thumb Code   152  tasks.o(i.vTaskDelete)
    vTaskMissedYield                         0x080091f5   Thumb Code     8  tasks.o(i.vTaskMissedYield)
    vTaskPlaceOnEventList                    0x08009201   Thumb Code    44  tasks.o(i.vTaskPlaceOnEventList)
    vTaskPlaceOnEventListRestricted          0x08009255   Thumb Code    52  tasks.o(i.vTaskPlaceOnEventListRestricted)
    vTaskPriorityInherit                     0x080092b1   Thumb Code   124  tasks.o(i.vTaskPriorityInherit)
    vTaskSetTimeOutState                     0x08009335   Thumb Code    30  tasks.o(i.vTaskSetTimeOutState)
    vTaskStartScheduler                      0x0800937d   Thumb Code   100  tasks.o(i.vTaskStartScheduler)
    vTaskSuspendAll                          0x08009415   Thumb Code    10  tasks.o(i.vTaskSuspendAll)
    vTaskSwitchContext                       0x08009425   Thumb Code   106  tasks.o(i.vTaskSwitchContext)
    xPortStartScheduler                      0x080094c1   Thumb Code   196  port.o(i.xPortStartScheduler)
    xPortSysTickHandler                      0x080095d5   Thumb Code    38  port.o(i.xPortSysTickHandler)
    xQueueGenericCreate                      0x08009601   Thumb Code    82  queue.o(i.xQueueGenericCreate)
    xQueueGenericReceive                     0x08009679   Thumb Code   348  queue.o(i.xQueueGenericReceive)
    xQueueGenericReset                       0x080097fd   Thumb Code   128  queue.o(i.xQueueGenericReset)
    xQueueGenericSend                        0x080098a5   Thumb Code   350  queue.o(i.xQueueGenericSend)
    xQueueGenericSendFromISR                 0x08009a2d   Thumb Code   188  queue.o(i.xQueueGenericSendFromISR)
    xTaskCheckForTimeOut                     0x08009b0d   Thumb Code    94  tasks.o(i.xTaskCheckForTimeOut)
    xTaskCreate                              0x08009b95   Thumb Code    86  tasks.o(i.xTaskCreate)
    xTaskGenericNotify                       0x08009bed   Thumb Code   184  tasks.o(i.xTaskGenericNotify)
    xTaskGetSchedulerState                   0x08009cd5   Thumb Code    22  tasks.o(i.xTaskGetSchedulerState)
    xTaskGetTickCount                        0x08009cf1   Thumb Code     6  tasks.o(i.xTaskGetTickCount)
    xTaskIncrementTick                       0x08009cfd   Thumb Code   188  tasks.o(i.xTaskIncrementTick)
    xTaskNotifyWait                          0x08009de5   Thumb Code   130  tasks.o(i.xTaskNotifyWait)
    xTaskPriorityDisinherit                  0x08009e71   Thumb Code   136  tasks.o(i.xTaskPriorityDisinherit)
    xTaskRemoveFromEventList                 0x08009f25   Thumb Code   102  tasks.o(i.xTaskRemoveFromEventList)
    xTaskResumeAll                           0x08009fbd   Thumb Code   180  tasks.o(i.xTaskResumeAll)
    xTimerCreate                             0x0800a0a1   Thumb Code    74  timers.o(i.xTimerCreate)
    xTimerCreateTimerTask                    0x0800a115   Thumb Code    58  timers.o(i.xTimerCreateTimerTask)
    xTimerGenericCommand                     0x0800a189   Thumb Code    98  timers.o(i.xTimerGenericCommand)
    _get_lc_numeric                          0x0800a219   Thumb Code    44  lc_numeric_c.o(locale$$code)
    _get_lc_ctype                            0x0800a245   Thumb Code    44  lc_ctype_c.o(locale$$code)
    __aeabi_d2uiz                            0x0800a271   Thumb Code     0  dfixu.o(x$fpl$dfixu)
    _dfixu                                   0x0800a271   Thumb Code    90  dfixu.o(x$fpl$dfixu)
    __aeabi_ui2d                             0x0800a2cb   Thumb Code     0  dflt_clz.o(x$fpl$dfltu)
    _dfltu                                   0x0800a2cb   Thumb Code    38  dflt_clz.o(x$fpl$dfltu)
    __aeabi_dmul                             0x0800a2f1   Thumb Code     0  dmul.o(x$fpl$dmul)
    _dmul                                    0x0800a2f1   Thumb Code   332  dmul.o(x$fpl$dmul)
    __fpl_dnaninf                            0x0800a445   Thumb Code   156  dnaninf.o(x$fpl$dnaninf)
    __fpl_dretinf                            0x0800a4e1   Thumb Code    12  dretinf.o(x$fpl$dretinf)
    _fp_init                                 0x0800a4ed   Thumb Code    10  fpinit.o(x$fpl$fpinit)
    __fplib_config_fpu_vfp                   0x0800a4f5   Thumb Code     0  fpinit.o(x$fpl$fpinit)
    __fplib_config_pureend_doubles           0x0800a4f5   Thumb Code     0  fpinit.o(x$fpl$fpinit)
    _printf_fp_dec                           0x0800a4f7   Thumb Code     4  printf1.o(x$fpl$printf1)
    __I$use$fp                               0x0800a4fa   Number         0  usenofp.o(x$fpl$usenofp)
    asc2_1206                                0x0800a4fa   Data        1140  lcd.o(.constdata)
    asc2_1608                                0x0800a96e   Data        1520  lcd.o(.constdata)
    asc2_2412                                0x0800af5e   Data        3420  lcd.o(.constdata)
    Region$$Table$$Base                      0x0800bd90   Number         0  anon$$obj.o(Region$$Table)
    Region$$Table$$Limit                     0x0800bdb0   Number         0  anon$$obj.o(Region$$Table)
    __ctype                                  0x0800bdd9   Data           0  lc_ctype_c.o(locale$$data)
    mem3base                                 0x10000000   Data       61440  malloc.o(.ARM.__AT_0x10000000)
    mem3mapbase                              0x1000f000   Data        3840  malloc.o(.ARM.__AT_0x1000F000)
    StartTask_Handler                        0x20000000   Data           4  main.o(.data)
    Task1Task_Handler                        0x20000004   Data           4  main.o(.data)
    Task2Task_Handler                        0x20000008   Data           4  main.o(.data)
    Task3Task_Handler                        0x2000000c   Data           4  main.o(.data)
    Task4Task_Handler                        0x20000010   Data           4  main.o(.data)
    SystemCoreClock                          0x20000014   Data           4  system_stm32f4xx.o(.data)
    AHBPrescTable                            0x20000018   Data          16  system_stm32f4xx.o(.data)
    FreeRTOSRunTimeTicks                     0x20000028   Data           8  timer.o(.data)
    POINT_COLOR                              0x20000030   Data           2  lcd.o(.data)
    BACK_COLOR                               0x20000032   Data           2  lcd.o(.data)
    USART_RX_STA                             0x20000038   Data           2  usart.o(.data)
    __stdout                                 0x2000003c   Data           4  usart.o(.data)
    pxCurrentTCB                             0x20000050   Data           4  tasks.o(.data)
    USB_USART_RX_STA                         0x200000cc   Data           2  usbd_cdc_vcp.o(.data)
    linecoding                               0x200000d0   Data           8  usbd_cdc_vcp.o(.data)
    VCP_fops                                 0x200000d8   Data          20  usbd_cdc_vcp.o(.data)
    USR_desc                                 0x200000ec   Data          28  usbd_desc.o(.data)
    USBD_LangIDDesc                          0x20000108   Data           4  usbd_desc.o(.data)
    USBD_DeviceDesc                          0x2000010c   Data          18  usbd_desc.o(.data)
    USR_cb                                   0x20000120   Data          28  usbd_usr.o(.data)
    USBD_DCD_INT_cb                          0x2000013c   Data          44  usbd_core.o(.data)
    USBD_DCD_INT_fops                        0x20000168   Data           4  usbd_core.o(.data)
    SET_TEST_MODE                            0x2000016c   Data           4  usbd_core.o(.data)
    USBD_ep_status                           0x20000174   Data           4  usbd_req.o(.data)
    USBD_default_cfg                         0x20000178   Data           4  usbd_req.o(.data)
    USBD_cfg_status                          0x2000017c   Data           4  usbd_req.o(.data)
    USB_Tx_State                             0x20000180   Data           1  usbd_cdc_core.o(.data)
    APP_Rx_ptr_in                            0x20000188   Data           4  usbd_cdc_core.o(.data)
    APP_Rx_ptr_out                           0x2000018c   Data           4  usbd_cdc_core.o(.data)
    APP_Rx_length                            0x20000190   Data           4  usbd_cdc_core.o(.data)
    CmdBuff                                  0x200001a0   Data           8  usbd_cdc_core.o(.data)
    usbd_cdc_CfgDesc                         0x200001a8   Data          67  usbd_cdc_core.o(.data)
    USBD_CDC_cb                              0x200001ec   Data          44  usbd_cdc_core.o(.data)
    USB_OTG_dev                              0x20000218   Data        1524  main.o(.bss)
    lcddev                                   0x2000080c   Data          14  lcd.o(.bss)
    USART_RX_BUF                             0x2000081a   Data         200  usart.o(.bss)
    xQueueRegistry                           0x200008e4   Data          64  queue.o(.bss)
    USART_PRINTF_Buffer                      0x20005c30   Data         200  usbd_cdc_vcp.o(.bss)
    USB_USART_RX_BUF                         0x20005cf8   Data         200  usbd_cdc_vcp.o(.bss)
    USBD_StrDesc                             0x20005dc0   Data         255  usbd_req.o(.bss)
    USB_Rx_Buffer                            0x20005ebf   Data          64  usbd_cdc_core.o(.bss)
    APP_Rx_Buffer                            0x20005eff   Data        2048  usbd_cdc_core.o(.bss)
    __libspace_start                         0x20006700   Data          96  libspace.o(.bss)
    __temporary_stack_top$libspace           0x20006760   Data           0  libspace.o(.bss)
    mem2base                                 0x68000000   Data       983040  malloc.o(.ARM.__AT_0x68000000)
    mem2mapbase                              0x680f0000   Data       61440  malloc.o(.ARM.__AT_0x680F0000)



==============================================================================

Memory Map of the image

  Image Entry point : 0x08000189

  Load Region LR_IROM1 (Base: 0x08000000, Size: 0x0000c0f4, Max: 0x00100000, ABSOLUTE, COMPRESSED[0x0000bfd8])

    Execution Region ER_IROM1 (Base: 0x08000000, Size: 0x0000bedc, Max: 0x00100000, ABSOLUTE)

    Base Addr    Size         Type   Attr      Idx    E Section Name        Object

    0x08000000   0x00000188   Data   RO         1028    RESET               startup_stm32f40_41xxx.o
    0x08000188   0x00000008   Code   RO         4553  * !!!main             c_w.l(__main.o)
    0x08000190   0x00000034   Code   RO         4839    !!!scatter          c_w.l(__scatter.o)
    0x080001c4   0x0000005a   Code   RO         4837    !!dczerorl2         c_w.l(__dczerorl2.o)
    0x0800021e   0x00000002   PAD
    0x08000220   0x0000001c   Code   RO         4841    !!handler_zi        c_w.l(__scatter_zi.o)
    0x0800023c   0x00000000   Code   RO         4542    .ARM.Collect$$_printf_percent$$00000000  c_w.l(_printf_percent.o)
    0x0800023c   0x00000006   Code   RO         4597    .ARM.Collect$$_printf_percent$$00000001  c_w.l(_printf_n.o)
    0x08000242   0x00000006   Code   RO         4598    .ARM.Collect$$_printf_percent$$00000002  c_w.l(_printf_p.o)
    0x08000248   0x00000006   Code   RO         4601    .ARM.Collect$$_printf_percent$$00000003  c_w.l(_printf_f.o)
    0x0800024e   0x00000006   Code   RO         4602    .ARM.Collect$$_printf_percent$$00000004  c_w.l(_printf_e.o)
    0x08000254   0x00000006   Code   RO         4603    .ARM.Collect$$_printf_percent$$00000005  c_w.l(_printf_g.o)
    0x0800025a   0x00000006   Code   RO         4604    .ARM.Collect$$_printf_percent$$00000006  c_w.l(_printf_a.o)
    0x08000260   0x0000000a   Code   RO         4609    .ARM.Collect$$_printf_percent$$00000007  c_w.l(_printf_ll.o)
    0x0800026a   0x00000006   Code   RO         4600    .ARM.Collect$$_printf_percent$$00000008  c_w.l(_printf_i.o)
    0x08000270   0x00000006   Code   RO         4540    .ARM.Collect$$_printf_percent$$00000009  c_w.l(_printf_d.o)
    0x08000276   0x00000006   Code   RO         4541    .ARM.Collect$$_printf_percent$$0000000A  c_w.l(_printf_u.o)
    0x0800027c   0x00000006   Code   RO         4599    .ARM.Collect$$_printf_percent$$0000000B  c_w.l(_printf_o.o)
    0x08000282   0x00000006   Code   RO         4539    .ARM.Collect$$_printf_percent$$0000000C  c_w.l(_printf_x.o)
    0x08000288   0x00000006   Code   RO         4606    .ARM.Collect$$_printf_percent$$0000000D  c_w.l(_printf_lli.o)
    0x0800028e   0x00000006   Code   RO         4607    .ARM.Collect$$_printf_percent$$0000000E  c_w.l(_printf_lld.o)
    0x08000294   0x00000006   Code   RO         4608    .ARM.Collect$$_printf_percent$$0000000F  c_w.l(_printf_llu.o)
    0x0800029a   0x00000006   Code   RO         4613    .ARM.Collect$$_printf_percent$$00000010  c_w.l(_printf_llo.o)
    0x080002a0   0x00000006   Code   RO         4614    .ARM.Collect$$_printf_percent$$00000011  c_w.l(_printf_llx.o)
    0x080002a6   0x0000000a   Code   RO         4610    .ARM.Collect$$_printf_percent$$00000012  c_w.l(_printf_l.o)
    0x080002b0   0x00000006   Code   RO         4537    .ARM.Collect$$_printf_percent$$00000013  c_w.l(_printf_c.o)
    0x080002b6   0x00000006   Code   RO         4538    .ARM.Collect$$_printf_percent$$00000014  c_w.l(_printf_s.o)
    0x080002bc   0x00000006   Code   RO         4611    .ARM.Collect$$_printf_percent$$00000015  c_w.l(_printf_lc.o)
    0x080002c2   0x00000006   Code   RO         4612    .ARM.Collect$$_printf_percent$$00000016  c_w.l(_printf_ls.o)
    0x080002c8   0x00000004   Code   RO         4605    .ARM.Collect$$_printf_percent$$00000017  c_w.l(_printf_percent_end.o)
    0x080002cc   0x00000002   Code   RO         4703    .ARM.Collect$$libinit$$00000000  c_w.l(libinit.o)
    0x080002ce   0x00000004   Code   RO         4718    .ARM.Collect$$libinit$$00000001  c_w.l(libinit2.o)
    0x080002d2   0x00000000   Code   RO         4721    .ARM.Collect$$libinit$$00000004  c_w.l(libinit2.o)
    0x080002d2   0x00000000   Code   RO         4724    .ARM.Collect$$libinit$$0000000A  c_w.l(libinit2.o)
    0x080002d2   0x00000000   Code   RO         4726    .ARM.Collect$$libinit$$0000000C  c_w.l(libinit2.o)
    0x080002d2   0x00000000   Code   RO         4728    .ARM.Collect$$libinit$$0000000E  c_w.l(libinit2.o)
    0x080002d2   0x00000006   Code   RO         4729    .ARM.Collect$$libinit$$0000000F  c_w.l(libinit2.o)
    0x080002d8   0x00000000   Code   RO         4731    .ARM.Collect$$libinit$$00000011  c_w.l(libinit2.o)
    0x080002d8   0x0000000c   Code   RO         4732    .ARM.Collect$$libinit$$00000012  c_w.l(libinit2.o)
    0x080002e4   0x00000000   Code   RO         4733    .ARM.Collect$$libinit$$00000013  c_w.l(libinit2.o)
    0x080002e4   0x00000000   Code   RO         4735    .ARM.Collect$$libinit$$00000015  c_w.l(libinit2.o)
    0x080002e4   0x0000000a   Code   RO         4736    .ARM.Collect$$libinit$$00000016  c_w.l(libinit2.o)
    0x080002ee   0x00000000   Code   RO         4737    .ARM.Collect$$libinit$$00000017  c_w.l(libinit2.o)
    0x080002ee   0x00000000   Code   RO         4739    .ARM.Collect$$libinit$$00000019  c_w.l(libinit2.o)
    0x080002ee   0x00000000   Code   RO         4741    .ARM.Collect$$libinit$$0000001B  c_w.l(libinit2.o)
    0x080002ee   0x00000000   Code   RO         4743    .ARM.Collect$$libinit$$0000001D  c_w.l(libinit2.o)
    0x080002ee   0x00000000   Code   RO         4745    .ARM.Collect$$libinit$$0000001F  c_w.l(libinit2.o)
    0x080002ee   0x00000000   Code   RO         4747    .ARM.Collect$$libinit$$00000021  c_w.l(libinit2.o)
    0x080002ee   0x00000000   Code   RO         4749    .ARM.Collect$$libinit$$00000023  c_w.l(libinit2.o)
    0x080002ee   0x00000000   Code   RO         4751    .ARM.Collect$$libinit$$00000025  c_w.l(libinit2.o)
    0x080002ee   0x00000000   Code   RO         4755    .ARM.Collect$$libinit$$0000002C  c_w.l(libinit2.o)
    0x080002ee   0x00000000   Code   RO         4757    .ARM.Collect$$libinit$$0000002E  c_w.l(libinit2.o)
    0x080002ee   0x00000000   Code   RO         4759    .ARM.Collect$$libinit$$00000030  c_w.l(libinit2.o)
    0x080002ee   0x00000000   Code   RO         4761    .ARM.Collect$$libinit$$00000032  c_w.l(libinit2.o)
    0x080002ee   0x00000002   Code   RO         4762    .ARM.Collect$$libinit$$00000033  c_w.l(libinit2.o)
    0x080002f0   0x00000002   Code   RO         4780    .ARM.Collect$$libshutdown$$00000000  c_w.l(libshutdown.o)
    0x080002f2   0x00000000   Code   RO         4791    .ARM.Collect$$libshutdown$$00000003  c_w.l(libshutdown2.o)
    0x080002f2   0x00000000   Code   RO         4794    .ARM.Collect$$libshutdown$$00000006  c_w.l(libshutdown2.o)
    0x080002f2   0x00000000   Code   RO         4797    .ARM.Collect$$libshutdown$$00000009  c_w.l(libshutdown2.o)
    0x080002f2   0x00000000   Code   RO         4799    .ARM.Collect$$libshutdown$$0000000B  c_w.l(libshutdown2.o)
    0x080002f2   0x00000000   Code   RO         4802    .ARM.Collect$$libshutdown$$0000000E  c_w.l(libshutdown2.o)
    0x080002f2   0x00000002   Code   RO         4803    .ARM.Collect$$libshutdown$$0000000F  c_w.l(libshutdown2.o)
    0x080002f4   0x00000000   Code   RO         4569    .ARM.Collect$$rtentry$$00000000  c_w.l(__rtentry.o)
    0x080002f4   0x00000000   Code   RO         4627    .ARM.Collect$$rtentry$$00000002  c_w.l(__rtentry2.o)
    0x080002f4   0x00000006   Code   RO         4639    .ARM.Collect$$rtentry$$00000004  c_w.l(__rtentry4.o)
    0x080002fa   0x00000000   Code   RO         4629    .ARM.Collect$$rtentry$$00000009  c_w.l(__rtentry2.o)
    0x080002fa   0x00000004   Code   RO         4630    .ARM.Collect$$rtentry$$0000000A  c_w.l(__rtentry2.o)
    0x080002fe   0x00000000   Code   RO         4632    .ARM.Collect$$rtentry$$0000000C  c_w.l(__rtentry2.o)
    0x080002fe   0x00000008   Code   RO         4633    .ARM.Collect$$rtentry$$0000000D  c_w.l(__rtentry2.o)
    0x08000306   0x00000002   Code   RO         4711    .ARM.Collect$$rtexit$$00000000  c_w.l(rtexit.o)
    0x08000308   0x00000000   Code   RO         4764    .ARM.Collect$$rtexit$$00000002  c_w.l(rtexit2.o)
    0x08000308   0x00000004   Code   RO         4765    .ARM.Collect$$rtexit$$00000003  c_w.l(rtexit2.o)
    0x0800030c   0x00000006   Code   RO         4766    .ARM.Collect$$rtexit$$00000004  c_w.l(rtexit2.o)
    0x08000312   0x00000002   PAD
    0x08000314   0x000000b6   Code   RO         3407    .emb_text           port.o
    0x080003ca   0x00000002   PAD
    0x080003cc   0x00000040   Code   RO         1029    .text               startup_stm32f40_41xxx.o
    0x0800040c   0x00000002   Code   RO         4478    .text               c_w.l(use_no_semi_2.o)
    0x0800040e   0x00000002   PAD
    0x08000410   0x00000024   Code   RO         4480    .text               c_w.l(c89vsprintf.o)
    0x08000434   0x00000018   Code   RO         4482    .text               c_w.l(__2printf.o)
    0x0800044c   0x00000052   Code   RO         4492    .text               c_w.l(_printf_str.o)
    0x0800049e   0x00000002   PAD
    0x080004a0   0x00000078   Code   RO         4494    .text               c_w.l(_printf_dec.o)
    0x08000518   0x00000094   Code   RO         4514    .text               c_w.l(_printf_hex_int_ll_ptr.o)
    0x080005ac   0x00000188   Code   RO         4534    .text               c_w.l(__printf_flags_ss_wp.o)
    0x08000734   0x0000003e   Code   RO         4545    .text               c_w.l(strlen.o)
    0x08000772   0x0000008a   Code   RO         4547    .text               c_w.l(rt_memcpy_v6.o)
    0x080007fc   0x00000010   Code   RO         4549    .text               c_w.l(aeabi_memset.o)
    0x0800080c   0x00000006   Code   RO         4551    .text               c_w.l(heapauxi.o)
    0x08000812   0x00000002   Code   RO         4567    .text               c_w.l(use_no_semi.o)
    0x08000814   0x0000004e   Code   RO         4570    .text               c_w.l(_printf_pad.o)
    0x08000862   0x00000024   Code   RO         4572    .text               c_w.l(_printf_truncate.o)
    0x08000886   0x000000b2   Code   RO         4574    .text               c_w.l(_printf_intcommon.o)
    0x08000938   0x00000028   Code   RO         4576    .text               c_w.l(_printf_charcount.o)
    0x08000960   0x00000030   Code   RO         4578    .text               c_w.l(_printf_char_common.o)
    0x08000990   0x0000000a   Code   RO         4580    .text               c_w.l(_sputc.o)
    0x0800099a   0x0000002c   Code   RO         4582    .text               c_w.l(_printf_char.o)
    0x080009c6   0x00000002   PAD
    0x080009c8   0x00000024   Code   RO         4584    .text               c_w.l(_printf_char_file.o)
    0x080009ec   0x000000bc   Code   RO         4586    .text               c_w.l(_printf_wctomb.o)
    0x08000aa8   0x0000007c   Code   RO         4589    .text               c_w.l(_printf_longlong_dec.o)
    0x08000b24   0x00000070   Code   RO         4595    .text               c_w.l(_printf_oct_int_ll.o)
    0x08000b94   0x00000064   Code   RO         4615    .text               c_w.l(rt_memcpy_w.o)
    0x08000bf8   0x00000044   Code   RO         4617    .text               c_w.l(rt_memclr.o)
    0x08000c3c   0x0000008a   Code   RO         4641    .text               c_w.l(lludiv10.o)
    0x08000cc6   0x0000041a   Code   RO         4643    .text               c_w.l(_printf_fp_dec.o)
    0x080010e0   0x0000002c   Code   RO         4647    .text               c_w.l(_printf_wchar.o)
    0x0800110c   0x00000008   Code   RO         4649    .text               c_w.l(ferror.o)
    0x08001114   0x00000040   Code   RO         4653    .text               c_w.l(_wcrtomb.o)
    0x08001154   0x0000004e   Code   RO         4655    .text               c_w.l(rt_memclr_w.o)
    0x080011a2   0x0000004a   Code   RO         4657    .text               c_w.l(sys_stackheap_outer.o)
    0x080011ec   0x00000010   Code   RO         4659    .text               c_w.l(rt_ctype_table.o)
    0x080011fc   0x00000008   Code   RO         4664    .text               c_w.l(rt_locale_intlibspace.o)
    0x08001204   0x00000080   Code   RO         4666    .text               c_w.l(_printf_fp_infnan.o)
    0x08001284   0x000000dc   Code   RO         4668    .text               c_w.l(bigflt0.o)
    0x08001360   0x0000000c   Code   RO         4696    .text               c_w.l(exit.o)
    0x0800136c   0x00000008   Code   RO         4708    .text               c_w.l(libspace.o)
    0x08001374   0x00000080   Code   RO         4716    .text               c_w.l(strcmpv7m.o)
    0x080013f4   0x0000003e   Code   RO         4671    CL$$btod_d2e        c_w.l(btod.o)
    0x08001432   0x00000046   Code   RO         4673    CL$$btod_d2e_denorm_low  c_w.l(btod.o)
    0x08001478   0x00000060   Code   RO         4672    CL$$btod_d2e_norm_op1  c_w.l(btod.o)
    0x080014d8   0x00000338   Code   RO         4681    CL$$btod_div_common  c_w.l(btod.o)
    0x08001810   0x000000c6   Code   RO         4678    CL$$btod_e2e        c_w.l(btod.o)
    0x080018d6   0x00000028   Code   RO         4675    CL$$btod_ediv       c_w.l(btod.o)
    0x080018fe   0x00000028   Code   RO         4674    CL$$btod_emul       c_w.l(btod.o)
    0x08001926   0x00000244   Code   RO         4680    CL$$btod_mult_common  c_w.l(btod.o)
    0x08001b6a   0x00000002   Code   RO          282    i.BusFault_Handler  stm32f4xx_it.o
    0x08001b6c   0x00000014   Code   RO          418    i.ConfigureTimeForRunTimeStats  timer.o
    0x08001b80   0x0000002c   Code   RO         4338    i.DCD_EP_Close      usb_dcd.o
    0x08001bac   0x00000038   Code   RO         4339    i.DCD_EP_ClrStall   usb_dcd.o
    0x08001be4   0x0000003c   Code   RO         4341    i.DCD_EP_Open       usb_dcd.o
    0x08001c20   0x00000044   Code   RO         4342    i.DCD_EP_PrepareRx  usb_dcd.o
    0x08001c64   0x00000010   Code   RO         4343    i.DCD_EP_SetAddress  usb_dcd.o
    0x08001c74   0x00000038   Code   RO         4344    i.DCD_EP_Stall      usb_dcd.o
    0x08001cac   0x0000003e   Code   RO         4345    i.DCD_EP_Tx         usb_dcd.o
    0x08001cea   0x00000002   PAD
    0x08001cec   0x000000cc   Code   RO         4428    i.DCD_HandleInEP_ISR  usb_dcd_int.o
    0x08001db8   0x000000ac   Code   RO         4429    i.DCD_HandleOutEP_ISR  usb_dcd_int.o
    0x08001e64   0x0000007c   Code   RO         4430    i.DCD_HandleRxStatusQueueLevel_ISR  usb_dcd_int.o
    0x08001ee0   0x00000070   Code   RO         4431    i.DCD_HandleUSBSuspend_ISR  usb_dcd_int.o
    0x08001f50   0x00000084   Code   RO         4432    i.DCD_HandleUsbReset_ISR  usb_dcd_int.o
    0x08001fd4   0x00000092   Code   RO         4347    i.DCD_Init          usb_dcd.o
    0x08002066   0x00000072   Code   RO         4433    i.DCD_WriteEmptyTxFifo  usb_dcd_int.o
    0x080020d8   0x00000002   Code   RO          283    i.DebugMon_Handler  stm32f4xx_it.o
    0x080020da   0x00000002   PAD
    0x080020dc   0x00000020   Code   RO         2313    i.FSMC_NORSRAMCmd   stm32f4xx_fsmc.o
    0x080020fc   0x000000c8   Code   RO         2315    i.FSMC_NORSRAMInit  stm32f4xx_fsmc.o
    0x080021c4   0x00000078   Code   RO         1080    i.GPIO_Init         stm32f4xx_gpio.o
    0x0800223c   0x00000020   Code   RO         1081    i.GPIO_PinAFConfig  stm32f4xx_gpio.o
    0x0800225c   0x00000004   Code   RO         1088    i.GPIO_SetBits      stm32f4xx_gpio.o
    0x08002260   0x00000064   Code   RO         4045    i.Handle_USBAsynchXfer  usbd_cdc_core.o
    0x080022c4   0x00000002   Code   RO          284    i.HardFault_Handler  stm32f4xx_it.o
    0x080022c6   0x00000002   PAD
    0x080022c8   0x0000006c   Code   RO          464    i.LCD_Clear         lcd.o
    0x08002334   0x00000134   Code   RO          468    i.LCD_Display_Dir   lcd.o
    0x08002468   0x00000110   Code   RO          473    i.LCD_Fast_DrawPoint  lcd.o
    0x08002578   0x0000370e   Code   RO          475    i.LCD_Init          lcd.o
    0x08005c86   0x00000014   Code   RO          477    i.LCD_RD_DATA       lcd.o
    0x08005c9a   0x00000014   Code   RO          479    i.LCD_ReadReg       lcd.o
    0x08005cae   0x00000002   PAD
    0x08005cb0   0x00000050   Code   RO          480    i.LCD_SSD_BackLightSet  lcd.o
    0x08005d00   0x00000204   Code   RO          481    i.LCD_Scan_Dir      lcd.o
    0x08005f04   0x00000150   Code   RO          482    i.LCD_SetCursor     lcd.o
    0x08006054   0x000000cc   Code   RO          484    i.LCD_ShowChar      lcd.o
    0x08006120   0x00000054   Code   RO          486    i.LCD_ShowString    lcd.o
    0x08006174   0x00000018   Code   RO          488    i.LCD_WR_DATA       lcd.o
    0x0800618c   0x00000018   Code   RO          489    i.LCD_WR_REG        lcd.o
    0x080061a4   0x00000014   Code   RO          491    i.LCD_WriteRAM_Prepare  lcd.o
    0x080061b8   0x0000000c   Code   RO          492    i.LCD_WriteReg      lcd.o
    0x080061c4   0x00000040   Code   RO          398    i.LED_Init          led.o
    0x08006204   0x00000002   Code   RO          285    i.MemManage_Handler  stm32f4xx_it.o
    0x08006206   0x00000002   Code   RO          286    i.NMI_Handler       stm32f4xx_it.o
    0x08006208   0x00000064   Code   RO         1035    i.NVIC_Init         misc.o
    0x0800626c   0x00000014   Code   RO         1036    i.NVIC_PriorityGroupConfig  misc.o
    0x08006280   0x0000000c   Code   RO         3748    i.OTG_FS_IRQHandler  usbd_usr.o
    0x0800628c   0x0000002c   Code   RO         3749    i.OTG_HS_IRQHandler  usbd_usr.o
    0x080062b8   0x00000018   Code   RO         1177    i.RCC_AHB1PeriphClockCmd  stm32f4xx_rcc.o
    0x080062d0   0x00000018   Code   RO         1180    i.RCC_AHB2PeriphClockCmd  stm32f4xx_rcc.o
    0x080062e8   0x00000018   Code   RO         1183    i.RCC_AHB3PeriphClockCmd  stm32f4xx_rcc.o
    0x08006300   0x00000018   Code   RO         1186    i.RCC_APB1PeriphClockCmd  stm32f4xx_rcc.o
    0x08006318   0x00000018   Code   RO         1189    i.RCC_APB2PeriphClockCmd  stm32f4xx_rcc.o
    0x08006330   0x00000090   Code   RO         1198    i.RCC_GetClocksFreq  stm32f4xx_rcc.o
    0x080063c0   0x000000b4   Code   RO          361    i.SetSysClock       system_stm32f4xx.o
    0x08006474   0x00000018   Code   RO         1039    i.SysTick_CLKSourceConfig  misc.o
    0x0800648c   0x00000014   Code   RO          901    i.SysTick_Handler   delay.o
    0x080064a0   0x0000005c   Code   RO          363    i.SystemInit        system_stm32f4xx.o
    0x080064fc   0x00000034   Code   RO          419    i.TIM3_IRQHandler   timer.o
    0x08006530   0x0000005c   Code   RO          420    i.TIM3_Int_Init     timer.o
    0x0800658c   0x00000006   Code   RO         1764    i.TIM_ClearITPendingBit  stm32f4xx_tim.o
    0x08006592   0x00000014   Code   RO         1769    i.TIM_Cmd           stm32f4xx_tim.o
    0x080065a6   0x00000018   Code   RO         1790    i.TIM_GetITStatus   stm32f4xx_tim.o
    0x080065be   0x00000010   Code   RO         1794    i.TIM_ITConfig      stm32f4xx_tim.o
    0x080065ce   0x00000002   PAD
    0x080065d0   0x0000007c   Code   RO         1841    i.TIM_TimeBaseInit  stm32f4xx_tim.o
    0x0800664c   0x00000064   Code   RO          975    i.USART1_IRQHandler  usart.o
    0x080066b0   0x00000014   Code   RO         1571    i.USART_Cmd         stm32f4xx_usart.o
    0x080066c4   0x0000003e   Code   RO         1575    i.USART_GetITStatus  stm32f4xx_usart.o
    0x08006702   0x00000030   Code   RO         1577    i.USART_ITConfig    stm32f4xx_usart.o
    0x08006732   0x00000002   PAD
    0x08006734   0x000000ac   Code   RO         1578    i.USART_Init        stm32f4xx_usart.o
    0x080067e0   0x00000008   Code   RO         1585    i.USART_ReceiveData  stm32f4xx_usart.o
    0x080067e8   0x0000000e   Code   RO         3825    i.USBD_ClrCfg       usbd_core.o
    0x080067f6   0x00000012   Code   RO         3916    i.USBD_CtlContinueRx  usbd_ioreq.o
    0x08006808   0x00000012   Code   RO         3917    i.USBD_CtlContinueSendData  usbd_ioreq.o
    0x0800681a   0x0000001c   Code   RO         3972    i.USBD_CtlError     usbd_req.o
    0x08006836   0x00000020   Code   RO         3918    i.USBD_CtlPrepareRx  usbd_ioreq.o
    0x08006856   0x00000022   Code   RO         3919    i.USBD_CtlReceiveStatus  usbd_ioreq.o
    0x08006878   0x00000020   Code   RO         3920    i.USBD_CtlSendData  usbd_ioreq.o
    0x08006898   0x00000022   Code   RO         3921    i.USBD_CtlSendStatus  usbd_ioreq.o
    0x080068ba   0x00000002   PAD
    0x080068bc   0x000000b0   Code   RO         3826    i.USBD_DataInStage  usbd_core.o
    0x0800696c   0x00000074   Code   RO         3827    i.USBD_DataOutStage  usbd_core.o
    0x080069e0   0x000000ce   Code   RO         3973    i.USBD_GetDescriptor  usbd_req.o
    0x08006aae   0x00000046   Code   RO         3974    i.USBD_GetString    usbd_req.o
    0x08006af4   0x00000034   Code   RO         3829    i.USBD_Init         usbd_core.o
    0x08006b28   0x0000000e   Code   RO         3830    i.USBD_IsoINIncomplete  usbd_core.o
    0x08006b36   0x0000000e   Code   RO         3831    i.USBD_IsoOUTIncomplete  usbd_core.o
    0x08006b44   0x0000014c   Code   RO         4434    i.USBD_OTG_ISR_Handler  usb_dcd_int.o
    0x08006c90   0x00000044   Code   RO         3975    i.USBD_ParseSetupRequest  usbd_req.o
    0x08006cd4   0x0000002e   Code   RO         3832    i.USBD_Reset        usbd_core.o
    0x08006d02   0x00000016   Code   RO         3833    i.USBD_Resume       usbd_core.o
    0x08006d18   0x00000010   Code   RO         3834    i.USBD_SOF          usbd_core.o
    0x08006d28   0x0000001a   Code   RO         3835    i.USBD_SetCfg       usbd_core.o
    0x08006d42   0x00000002   PAD
    0x08006d44   0x00000074   Code   RO         3976    i.USBD_SetConfig    usbd_req.o
    0x08006db8   0x0000007c   Code   RO         3977    i.USBD_SetFeature   usbd_req.o
    0x08006e34   0x00000048   Code   RO         3836    i.USBD_SetupStage   usbd_core.o
    0x08006e7c   0x000000f0   Code   RO         3978    i.USBD_StdDevReq    usbd_req.o
    0x08006f6c   0x000000d4   Code   RO         3979    i.USBD_StdEPReq     usbd_req.o
    0x08007040   0x00000036   Code   RO         3980    i.USBD_StdItfReq    usbd_req.o
    0x08007076   0x0000001c   Code   RO         3837    i.USBD_Suspend      usbd_core.o
    0x08007092   0x00000002   PAD
    0x08007094   0x00000020   Code   RO         3680    i.USBD_USR_ConfigStrDescriptor  usbd_desc.o
    0x080070b4   0x00000024   Code   RO         3750    i.USBD_USR_DeviceConfigured  usbd_usr.o
    0x080070d8   0x00000020   Code   RO         3751    i.USBD_USR_DeviceConnected  usbd_usr.o
    0x080070f8   0x0000000c   Code   RO         3681    i.USBD_USR_DeviceDescriptor  usbd_desc.o
    0x08007104   0x00000024   Code   RO         3752    i.USBD_USR_DeviceDisconnected  usbd_usr.o
    0x08007128   0x00000080   Code   RO         3753    i.USBD_USR_DeviceReset  usbd_usr.o
    0x080071a8   0x0000001c   Code   RO         3754    i.USBD_USR_DeviceResumed  usbd_usr.o
    0x080071c4   0x00000024   Code   RO         3755    i.USBD_USR_DeviceSuspended  usbd_usr.o
    0x080071e8   0x00000018   Code   RO         3756    i.USBD_USR_Init     usbd_usr.o
    0x08007200   0x00000024   Code   RO         3682    i.USBD_USR_InterfaceStrDescriptor  usbd_desc.o
    0x08007224   0x0000000c   Code   RO         3683    i.USBD_USR_LangIDStrDescriptor  usbd_desc.o
    0x08007230   0x00000028   Code   RO         3684    i.USBD_USR_ManufacturerStrDescriptor  usbd_desc.o
    0x08007258   0x00000064   Code   RO         3685    i.USBD_USR_ProductStrDescriptor  usbd_desc.o
    0x080072bc   0x0000003c   Code   RO         3686    i.USBD_USR_SerialStrDescriptor  usbd_desc.o
    0x080072f8   0x0000000c   Code   RO         4046    i.USBD_cdc_GetCfgDesc  usbd_cdc_core.o
    0x08007304   0x00000022   Code   RO         3552    i.USB_OTG_BSP_EnableInterrupt  usb_bsp.o
    0x08007326   0x00000002   PAD
    0x08007328   0x00000088   Code   RO         3553    i.USB_OTG_BSP_Init  usb_bsp.o
    0x080073b0   0x00000004   Code   RO         3554    i.USB_OTG_BSP_mDelay  usb_bsp.o
    0x080073b4   0x00000004   Code   RO         3555    i.USB_OTG_BSP_uDelay  usb_bsp.o
    0x080073b8   0x00000080   Code   RO         4115    i.USB_OTG_CoreInit  usb_core.o
    0x08007438   0x0000012c   Code   RO         4116    i.USB_OTG_CoreInitDev  usb_core.o
    0x08007564   0x00000058   Code   RO         4117    i.USB_OTG_CoreReset  usb_core.o
    0x080075bc   0x00000010   Code   RO         4118    i.USB_OTG_DisableGlobalInt  usb_core.o
    0x080075cc   0x0000003a   Code   RO         4119    i.USB_OTG_EP0Activate  usb_core.o
    0x08007606   0x000000b8   Code   RO         4120    i.USB_OTG_EP0StartXfer  usb_core.o
    0x080076be   0x00000002   PAD
    0x080076c0   0x00000024   Code   RO         4121    i.USB_OTG_EP0_OutStart  usb_core.o
    0x080076e4   0x00000052   Code   RO         4122    i.USB_OTG_EPActivate  usb_core.o
    0x08007736   0x00000032   Code   RO         4123    i.USB_OTG_EPClearStall  usb_core.o
    0x08007768   0x00000034   Code   RO         4124    i.USB_OTG_EPDeactivate  usb_core.o
    0x0800779c   0x00000030   Code   RO         4125    i.USB_OTG_EPSetStall  usb_core.o
    0x080077cc   0x0000012a   Code   RO         4126    i.USB_OTG_EPStartXfer  usb_core.o
    0x080078f6   0x00000002   PAD
    0x080078f8   0x00000048   Code   RO         4127    i.USB_OTG_EnableDevInt  usb_core.o
    0x08007940   0x00000010   Code   RO         4128    i.USB_OTG_EnableGlobalInt  usb_core.o
    0x08007950   0x0000003c   Code   RO         4129    i.USB_OTG_FlushRxFifo  usb_core.o
    0x0800798c   0x00000044   Code   RO         4130    i.USB_OTG_FlushTxFifo  usb_core.o
    0x080079d0   0x00000026   Code   RO         4131    i.USB_OTG_GetDeviceSpeed  usb_core.o
    0x080079f6   0x0000000c   Code   RO         4134    i.USB_OTG_InitDevSpeed  usb_core.o
    0x08007a02   0x00000012   Code   RO         4135    i.USB_OTG_IsDeviceMode  usb_core.o
    0x08007a14   0x0000000a   Code   RO         4137    i.USB_OTG_ReadCoreItr  usb_core.o
    0x08007a1e   0x0000000c   Code   RO         4138    i.USB_OTG_ReadDevAllInEPItr  usb_core.o
    0x08007a2a   0x0000000c   Code   RO         4139    i.USB_OTG_ReadDevAllOutEp_itr  usb_core.o
    0x08007a36   0x00000010   Code   RO         4140    i.USB_OTG_ReadDevOutEP_itr  usb_core.o
    0x08007a46   0x00000020   Code   RO         4142    i.USB_OTG_ReadPacket  usb_core.o
    0x08007a66   0x00000002   PAD
    0x08007a68   0x000000c0   Code   RO         4143    i.USB_OTG_SelectCore  usb_core.o
    0x08007b28   0x0000002a   Code   RO         4144    i.USB_OTG_SetCurrentMode  usb_core.o
    0x08007b52   0x00000028   Code   RO         4148    i.USB_OTG_WritePacket  usb_core.o
    0x08007b7a   0x00000002   Code   RO          287    i.UsageFault_Handler  stm32f4xx_it.o
    0x08007b7c   0x000000dc   Code   RO         3608    i.VCP_Ctrl          usbd_cdc_vcp.o
    0x08007c58   0x00000058   Code   RO         3609    i.VCP_DataRx        usbd_cdc_vcp.o
    0x08007cb0   0x00000024   Code   RO         3610    i.VCP_DataTx        usbd_cdc_vcp.o
    0x08007cd4   0x00000004   Code   RO         3611    i.VCP_DeInit        usbd_cdc_vcp.o
    0x08007cd8   0x00000004   Code   RO         3612    i.VCP_Init          usbd_cdc_vcp.o
    0x08007cdc   0x00000030   Code   RO         4706    i.__ARM_fpclassify  m_wm.l(fpclassify.o)
    0x08007d0c   0x0000000e   Code   RO         4527    i._is_digit         c_w.l(__printf_wp.o)
    0x08007d1a   0x00000002   Code   RO          976    i._sys_exit         usart.o
    0x08007d1c   0x00000038   Code   RO          902    i.delay_init        delay.o
    0x08007d54   0x00000038   Code   RO          903    i.delay_ms          delay.o
    0x08007d8c   0x00000034   Code   RO          904    i.delay_us          delay.o
    0x08007dc0   0x00000014   Code   RO          977    i.fputc             usart.o
    0x08007dd4   0x0000012c   Code   RO            3    i.main              main.o
    0x08007f00   0x00000070   Code   RO         2915    i.prvAddCurrentTaskToDelayedList  tasks.o
    0x08007f70   0x000000d0   Code   RO         2916    i.prvAddNewTaskToReadyList  tasks.o
    0x08008040   0x00000050   Code   RO         3279    i.prvCheckForValidListAndQueue  timers.o
    0x08008090   0x00000054   Code   RO         2917    i.prvCheckTasksWaitingTermination  tasks.o
    0x080080e4   0x00000026   Code   RO         2689    i.prvCopyDataFromQueue  queue.o
    0x0800810a   0x0000006c   Code   RO         2690    i.prvCopyDataToQueue  queue.o
    0x08008176   0x00000014   Code   RO         2918    i.prvDeleteTCB      tasks.o
    0x0800818a   0x00000002   PAD
    0x0800818c   0x0000004c   Code   RO         3492    i.prvHeapInit       heap_4.o
    0x080081d8   0x00000028   Code   RO         2919    i.prvIdleTask       tasks.o
    0x08008200   0x000000c0   Code   RO         2920    i.prvInitialiseNewTask  tasks.o
    0x080082c0   0x0000004c   Code   RO         3493    i.prvInsertBlockIntoFreeList  heap_4.o
    0x0800830c   0x00000038   Code   RO         3280    i.prvInsertTimerInActiveList  timers.o
    0x08008344   0x0000001a   Code   RO         2691    i.prvIsQueueEmpty   queue.o
    0x0800835e   0x00000002   PAD
    0x08008360   0x00000090   Code   RO         2692    i.prvNotifyQueueSetContainer  queue.o
    0x080083f0   0x00000060   Code   RO         3281    i.prvProcessExpiredTimer  timers.o
    0x08008450   0x000000f0   Code   RO         3282    i.prvProcessReceivedCommands  timers.o
    0x08008540   0x0000006c   Code   RO         3283    i.prvProcessTimerOrBlockTask  timers.o
    0x080085ac   0x00000020   Code   RO         2922    i.prvResetNextTaskUnblockTime  tasks.o
    0x080085cc   0x00000028   Code   RO         3284    i.prvSampleTimeNow  timers.o
    0x080085f4   0x0000006c   Code   RO         3285    i.prvSwitchTimerLists  timers.o
    0x08008660   0x00000064   Code   RO         3408    i.prvTaskExitError  port.o
    0x080086c4   0x00000028   Code   RO         3286    i.prvTimerTask      timers.o
    0x080086ec   0x00000078   Code   RO         2693    i.prvUnlockQueue    queue.o
    0x08008764   0x00000114   Code   RO         3494    i.pvPortMalloc      heap_4.o
    0x08008878   0x00000018   Code   RO         2925    i.pvTaskIncrementMutexHeldCount  tasks.o
    0x08008890   0x0000002c   Code   RO         3409    i.pxPortInitialiseStack  port.o
    0x080088bc   0x000000bc   Code   RO            4    i.start_task        main.o
    0x08008978   0x00000070   Code   RO            5    i.task1_task        main.o
    0x080089e8   0x00000050   Code   RO            6    i.task2_task        main.o
    0x08008a38   0x0000004c   Code   RO            7    i.task3_task        main.o
    0x08008a84   0x0000004c   Code   RO            8    i.task4_task        main.o
    0x08008ad0   0x000000ac   Code   RO          978    i.uart_init         usart.o
    0x08008b7c   0x00000034   Code   RO         3613    i.usb_printf        usbd_cdc_vcp.o
    0x08008bb0   0x00000048   Code   RO         4047    i.usbd_cdc_DataIn   usbd_cdc_core.o
    0x08008bf8   0x00000034   Code   RO         4048    i.usbd_cdc_DataOut  usbd_cdc_core.o
    0x08008c2c   0x00000028   Code   RO         4049    i.usbd_cdc_DeInit   usbd_cdc_core.o
    0x08008c54   0x00000028   Code   RO         4050    i.usbd_cdc_EP0_RxReady  usbd_cdc_core.o
    0x08008c7c   0x00000054   Code   RO         4051    i.usbd_cdc_Init     usbd_cdc_core.o
    0x08008cd0   0x00000020   Code   RO         4052    i.usbd_cdc_SOF      usbd_cdc_core.o
    0x08008cf0   0x000000b8   Code   RO         4053    i.usbd_cdc_Setup    usbd_cdc_core.o
    0x08008da8   0x00000024   Code   RO         2644    i.uxListRemove      list.o
    0x08008dcc   0x00000016   Code   RO         2645    i.vListInitialise   list.o
    0x08008de2   0x00000006   Code   RO         2646    i.vListInitialiseItem  list.o
    0x08008de8   0x00000030   Code   RO         2647    i.vListInsert       list.o
    0x08008e18   0x00000018   Code   RO         2648    i.vListInsertEnd    list.o
    0x08008e30   0x00000078   Code   RO         3411    i.vPortEnterCritical  port.o
    0x08008ea8   0x00000064   Code   RO         3412    i.vPortExitCritical  port.o
    0x08008f0c   0x0000009c   Code   RO         3495    i.vPortFree         heap_4.o
    0x08008fa8   0x00000020   Code   RO         3413    i.vPortSetupTimerInterrupt  port.o
    0x08008fc8   0x0000008c   Code   RO         3414    i.vPortValidateInterruptPriority  port.o
    0x08009054   0x00000024   Code   RO         2699    i.vQueueAddToRegistry  queue.o
    0x08009078   0x00000044   Code   RO         2703    i.vQueueWaitForMessageRestricted  queue.o
    0x080090bc   0x0000006c   Code   RO         2933    i.vTaskDelay        tasks.o
    0x08009128   0x000000cc   Code   RO         2935    i.vTaskDelete       tasks.o
    0x080091f4   0x0000000c   Code   RO         2940    i.vTaskMissedYield  tasks.o
    0x08009200   0x00000054   Code   RO         2942    i.vTaskPlaceOnEventList  tasks.o
    0x08009254   0x0000005c   Code   RO         2943    i.vTaskPlaceOnEventListRestricted  tasks.o
    0x080092b0   0x00000084   Code   RO         2945    i.vTaskPriorityInherit  tasks.o
    0x08009334   0x00000048   Code   RO         2949    i.vTaskSetTimeOutState  tasks.o
    0x0800937c   0x00000098   Code   RO         2950    i.vTaskStartScheduler  tasks.o
    0x08009414   0x00000010   Code   RO         2952    i.vTaskSuspendAll   tasks.o
    0x08009424   0x0000009c   Code   RO         2953    i.vTaskSwitchContext  tasks.o
    0x080094c0   0x00000114   Code   RO         3415    i.xPortStartScheduler  port.o
    0x080095d4   0x0000002c   Code   RO         3416    i.xPortSysTickHandler  port.o
    0x08009600   0x00000078   Code   RO         2708    i.xQueueGenericCreate  queue.o
    0x08009678   0x00000184   Code   RO         2709    i.xQueueGenericReceive  queue.o
    0x080097fc   0x000000a8   Code   RO         2710    i.xQueueGenericReset  queue.o
    0x080098a4   0x00000188   Code   RO         2711    i.xQueueGenericSend  queue.o
    0x08009a2c   0x000000e0   Code   RO         2712    i.xQueueGenericSendFromISR  queue.o
    0x08009b0c   0x00000088   Code   RO         2954    i.xTaskCheckForTimeOut  tasks.o
    0x08009b94   0x00000056   Code   RO         2955    i.xTaskCreate       tasks.o
    0x08009bea   0x00000002   PAD
    0x08009bec   0x000000e8   Code   RO         2956    i.xTaskGenericNotify  tasks.o
    0x08009cd4   0x0000001c   Code   RO         2959    i.xTaskGetSchedulerState  tasks.o
    0x08009cf0   0x0000000c   Code   RO         2960    i.xTaskGetTickCount  tasks.o
    0x08009cfc   0x000000e8   Code   RO         2962    i.xTaskIncrementTick  tasks.o
    0x08009de4   0x0000008c   Code   RO         2964    i.xTaskNotifyWait   tasks.o
    0x08009e70   0x000000b4   Code   RO         2965    i.xTaskPriorityDisinherit  tasks.o
    0x08009f24   0x00000098   Code   RO         2966    i.xTaskRemoveFromEventList  tasks.o
    0x08009fbc   0x000000e4   Code   RO         2968    i.xTaskResumeAll    tasks.o
    0x0800a0a0   0x00000074   Code   RO         3289    i.xTimerCreate      timers.o
    0x0800a114   0x00000074   Code   RO         3290    i.xTimerCreateTimerTask  timers.o
    0x0800a188   0x00000090   Code   RO         3291    i.xTimerGenericCommand  timers.o
    0x0800a218   0x0000002c   Code   RO         4694    locale$$code        c_w.l(lc_numeric_c.o)
    0x0800a244   0x0000002c   Code   RO         4714    locale$$code        c_w.l(lc_ctype_c.o)
    0x0800a270   0x0000005a   Code   RO         4555    x$fpl$dfixu         fz_wm.l(dfixu.o)
    0x0800a2ca   0x00000026   Code   RO         4559    x$fpl$dfltu         fz_wm.l(dflt_clz.o)
    0x0800a2f0   0x00000154   Code   RO         4565    x$fpl$dmul          fz_wm.l(dmul.o)
    0x0800a444   0x0000009c   Code   RO         4619    x$fpl$dnaninf       fz_wm.l(dnaninf.o)
    0x0800a4e0   0x0000000c   Code   RO         4621    x$fpl$dretinf       fz_wm.l(dretinf.o)
    0x0800a4ec   0x0000000a   Code   RO         4772    x$fpl$fpinit        fz_wm.l(fpinit.o)
    0x0800a4f6   0x00000004   Code   RO         4623    x$fpl$printf1       fz_wm.l(printf1.o)
    0x0800a4fa   0x00000000   Code   RO         4625    x$fpl$usenofp       fz_wm.l(usenofp.o)
    0x0800a4fa   0x000017c0   Data   RO          495    .constdata          lcd.o
    0x0800bcba   0x00000028   Data   RO         4515    .constdata          c_w.l(_printf_hex_int_ll_ptr.o)
    0x0800bce2   0x00000011   Data   RO         4535    .constdata          c_w.l(__printf_flags_ss_wp.o)
    0x0800bcf3   0x00000001   PAD
    0x0800bcf4   0x00000008   Data   RO         4587    .constdata          c_w.l(_printf_wctomb.o)
    0x0800bcfc   0x00000094   Data   RO         4669    .constdata          c_w.l(bigflt0.o)
    0x0800bd90   0x00000020   Data   RO         4835    Region$$Table       anon$$obj.o
    0x0800bdb0   0x0000001c   Data   RO         4693    locale$$data        c_w.l(lc_numeric_c.o)
    0x0800bdcc   0x00000110   Data   RO         4713    locale$$data        c_w.l(lc_ctype_c.o)


    Execution Region RW_IRAM1 (Base: 0x20000000, Size: 0x00006d60, Max: 0x00020000, ABSOLUTE, COMPRESSED[0x000000fc])

    Base Addr    Size         Type   Attr      Idx    E Section Name        Object

    0x20000000   0x00000014   Data   RW           10    .data               main.o
    0x20000014   0x00000014   Data   RW          364    .data               system_stm32f4xx.o
    0x20000028   0x00000008   Data   RW          421    .data               timer.o
    0x20000030   0x00000004   Data   RW          496    .data               lcd.o
    0x20000034   0x00000004   Data   RW          906    .data               delay.o
    0x20000038   0x00000002   Data   RW          980    .data               usart.o
    0x2000003a   0x00000002   PAD
    0x2000003c   0x00000004   Data   RW          981    .data               usart.o
    0x20000040   0x00000010   Data   RW         1230    .data               stm32f4xx_rcc.o
    0x20000050   0x00000044   Data   RW         2971    .data               tasks.o
    0x20000094   0x00000014   Data   RW         3299    .data               timers.o
    0x200000a8   0x0000000c   Data   RW         3417    .data               port.o
    0x200000b4   0x00000018   Data   RW         3500    .data               heap_4.o
    0x200000cc   0x0000000c   Data   RW         3615    .data               usbd_cdc_vcp.o
    0x200000d8   0x00000014   Data   RW         3616    .data               usbd_cdc_vcp.o
    0x200000ec   0x0000001c   Data   RW         3687    .data               usbd_desc.o
    0x20000108   0x00000016   Data   RW         3688    .data               usbd_desc.o
    0x2000011e   0x00000002   PAD
    0x20000120   0x0000001c   Data   RW         3758    .data               usbd_usr.o
    0x2000013c   0x0000002c   Data   RW         3838    .data               usbd_core.o
    0x20000168   0x00000004   Data   RW         3839    .data               usbd_core.o
    0x2000016c   0x00000004   Data   RW         3840    .data               usbd_core.o
    0x20000170   0x00000010   Data   RW         3982    .data               usbd_req.o
    0x20000180   0x0000006b   Data   RW         4056    .data               usbd_cdc_core.o
    0x200001eb   0x00000001   PAD
    0x200001ec   0x0000002c   Data   RW         4057    .data               usbd_cdc_core.o
    0x20000218   0x000005f4   Zero   RW            9    .bss                main.o
    0x2000080c   0x0000000e   Zero   RW          494    .bss                lcd.o
    0x2000081a   0x000000c8   Zero   RW          979    .bss                usart.o
    0x200008e2   0x00000002   PAD
    0x200008e4   0x00000040   Zero   RW         2723    .bss                queue.o
    0x20000924   0x000002e4   Zero   RW         2970    .bss                tasks.o
    0x20000c08   0x00000028   Zero   RW         3298    .bss                timers.o
    0x20000c30   0x00005000   Zero   RW         3499    .bss                heap_4.o
    0x20005c30   0x00000190   Zero   RW         3614    .bss                usbd_cdc_vcp.o
    0x20005dc0   0x000000ff   Zero   RW         3981    .bss                usbd_req.o
    0x20005ebf   0x00000840   Zero   RW         4055    .bss                usbd_cdc_core.o
    0x200066ff   0x00000001   PAD
    0x20006700   0x00000060   Zero   RW         4709    .bss                c_w.l(libspace.o)
    0x20006760   0x00000200   Zero   RW         1027    HEAP                startup_stm32f40_41xxx.o
    0x20006960   0x00000400   Zero   RW         1026    STACK               startup_stm32f40_41xxx.o



  Load Region LR$$.ARM.__AT_0x10000000 (Base: 0x10000000, Size: 0x00000000, Max: 0x0000f000, ABSOLUTE)

    Execution Region ER$$.ARM.__AT_0x10000000 (Base: 0x10000000, Size: 0x0000f000, Max: 0x0000f000, ABSOLUTE, UNINIT)

    Base Addr    Size         Type   Attr      Idx    E Section Name        Object

    0x10000000   0x0000f000   Zero   RW         2442    .ARM.__AT_0x10000000  malloc.o



  Load Region LR$$.ARM.__AT_0x1000F000 (Base: 0x1000f000, Size: 0x00000000, Max: 0x00000f00, ABSOLUTE)

    Execution Region ER$$.ARM.__AT_0x1000F000 (Base: 0x1000f000, Size: 0x00000f00, Max: 0x00000f00, ABSOLUTE, UNINIT)

    Base Addr    Size         Type   Attr      Idx    E Section Name        Object

    0x1000f000   0x00000f00   Zero   RW         2443    .ARM.__AT_0x1000F000  malloc.o



  Load Region LR$$.ARM.__AT_0x68000000 (Base: 0x68000000, Size: 0x00000000, Max: 0x000f0000, ABSOLUTE)

    Execution Region ER$$.ARM.__AT_0x68000000 (Base: 0x68000000, Size: 0x000f0000, Max: 0x000f0000, ABSOLUTE, UNINIT)

    Base Addr    Size         Type   Attr      Idx    E Section Name        Object

    0x68000000   0x000f0000   Zero   RW         2444    .ARM.__AT_0x68000000  malloc.o



  Load Region LR$$.ARM.__AT_0x680F0000 (Base: 0x680f0000, Size: 0x00000000, Max: 0x0000f000, ABSOLUTE)

    Execution Region ER$$.ARM.__AT_0x680F0000 (Base: 0x680f0000, Size: 0x0000f000, Max: 0x0000f000, ABSOLUTE, UNINIT)

    Base Addr    Size         Type   Attr      Idx    E Section Name        Object

    0x680f0000   0x0000f000   Zero   RW         2445    .ARM.__AT_0x680F0000  malloc.o


==============================================================================

Image component sizes


      Code (inc. data)   RO Data    RW Data    ZI Data      Debug   Object Name

       184         14          0          4          0       2373   delay.o
         0          0          0          0          0      10260   event_groups.o
       584        138          0         24      20480       3735   heap_4.o
     16122        130       6080          4         14      22085   lcd.o
        64          6          0          0          0        531   led.o
       136          0          0          0          0       2954   list.o
       832        306          0         20       1524     326494   main.o
         0          0          0          0    1109760       1953   malloc.o
       144         14          0          0          0       1933   misc.o
      1038        382          0         12          0      10649   port.o
      1832        236          0          0         64      11353   queue.o
        64         26        392          0       1536        836   startup_stm32f40_41xxx.o
       232          6          0          0          0       1777   stm32f4xx_fsmc.o
       156          0          0          0          0       2070   stm32f4xx_gpio.o
        12          0          0          0          0       2641   stm32f4xx_it.o
       264         42          0         16          0       5529   stm32f4xx_rcc.o
       190         28          0          0          0       4337   stm32f4xx_tim.o
       310          8          0          0          0       3814   stm32f4xx_usart.o
       272         36          0         20          0       1721   system_stm32f4xx.o
      3166        738          0         68        740      29746   tasks.o
       164         18          0          8          0       1904   timer.o
      1144        260          0         20         40       8838   timers.o
       294         26          0          6        200       4188   usart.o
       178         22          0          0          0       2555   usb_bsp.o
      1980         30          0          0          0      19034   usb_core.o
       508          0          0          0          0       5432   usb_dcd.o
      1190         40          0          0          0       6651   usb_dcd_int.o
       616         74          0        151       2112       8484   usbd_cdc_core.o
       404        130          0         32        400       5400   usbd_cdc_vcp.o
       596          4          0         52          0       9168   usbd_core.o
       292        184          0         50          0       5408   usbd_desc.o
       168          0          0          0          0       4160   usbd_ioreq.o
      1118         44          0         16        255       7605   usbd_req.o
       376        296          0         28          0       4582   usbd_usr.o

    ----------------------------------------------------------------------
     34664       3238       6504        536    1137128     540200   Object Totals
         0          0         32          0          0          0   (incl. Generated)
        34          0          0          5          3          0   (incl. Padding)

    ----------------------------------------------------------------------

      Code (inc. data)   RO Data    RW Data    ZI Data      Debug   Library Member Name

        24          4          0          0          0         84   __2printf.o
        90          0          0          0          0          0   __dczerorl2.o
         8          0          0          0          0         68   __main.o
       392          4         17          0          0         92   __printf_flags_ss_wp.o
        14          0          0          0          0         68   __printf_wp.o
         0          0          0          0          0          0   __rtentry.o
        12          0          0          0          0          0   __rtentry2.o
         6          0          0          0          0          0   __rtentry4.o
        52          8          0          0          0          0   __scatter.o
        28          0          0          0          0          0   __scatter_zi.o
         6          0          0          0          0          0   _printf_a.o
         6          0          0          0          0          0   _printf_c.o
        44          0          0          0          0        108   _printf_char.o
        48          6          0          0          0         96   _printf_char_common.o
        36          4          0          0          0         80   _printf_char_file.o
        40          0          0          0          0         68   _printf_charcount.o
         6          0          0          0          0          0   _printf_d.o
       120         16          0          0          0         92   _printf_dec.o
         6          0          0          0          0          0   _printf_e.o
         6          0          0          0          0          0   _printf_f.o
      1050          0          0          0          0        216   _printf_fp_dec.o
       128         16          0          0          0         84   _printf_fp_infnan.o
         6          0          0          0          0          0   _printf_g.o
       148          4         40          0          0        160   _printf_hex_int_ll_ptr.o
         6          0          0          0          0          0   _printf_i.o
       178          0          0          0          0         88   _printf_intcommon.o
        10          0          0          0          0          0   _printf_l.o
         6          0          0          0          0          0   _printf_lc.o
        10          0          0          0          0          0   _printf_ll.o
         6          0          0          0          0          0   _printf_lld.o
         6          0          0          0          0          0   _printf_lli.o
         6          0          0          0          0          0   _printf_llo.o
         6          0          0          0          0          0   _printf_llu.o
         6          0          0          0          0          0   _printf_llx.o
       124         16          0          0          0         92   _printf_longlong_dec.o
         6          0          0          0          0          0   _printf_ls.o
         6          0          0          0          0          0   _printf_n.o
         6          0          0          0          0          0   _printf_o.o
       112          8          0          0          0        124   _printf_oct_int_ll.o
         6          0          0          0          0          0   _printf_p.o
        78          0          0          0          0        108   _printf_pad.o
         0          0          0          0          0          0   _printf_percent.o
         4          0          0          0          0          0   _printf_percent_end.o
         6          0          0          0          0          0   _printf_s.o
        82          0          0          0          0         80   _printf_str.o
        36          0          0          0          0         84   _printf_truncate.o
         6          0          0          0          0          0   _printf_u.o
        44          0          0          0          0        108   _printf_wchar.o
       188          6          8          0          0         92   _printf_wctomb.o
         6          0          0          0          0          0   _printf_x.o
        10          0          0          0          0         68   _sputc.o
        64          0          0          0          0         92   _wcrtomb.o
        16          0          0          0          0         68   aeabi_memset.o
       220          4        148          0          0         96   bigflt0.o
      1910        128          0          0          0        672   btod.o
        36          4          0          0          0         76   c89vsprintf.o
        12          0          0          0          0         72   exit.o
         8          0          0          0          0         68   ferror.o
         6          0          0          0          0        152   heapauxi.o
        44         10        272          0          0         76   lc_ctype_c.o
        44         10         28          0          0         76   lc_numeric_c.o
         2          0          0          0          0          0   libinit.o
        34          0          0          0          0          0   libinit2.o
         2          0          0          0          0          0   libshutdown.o
         2          0          0          0          0          0   libshutdown2.o
         8          4          0          0         96         68   libspace.o
       138          0          0          0          0         80   lludiv10.o
        16          4          0          0          0         76   rt_ctype_table.o
         8          4          0          0          0         68   rt_locale_intlibspace.o
        68          0          0          0          0         68   rt_memclr.o
        78          0          0          0          0         80   rt_memclr_w.o
       138          0          0          0          0         68   rt_memcpy_v6.o
       100          0          0          0          0         80   rt_memcpy_w.o
         2          0          0          0          0          0   rtexit.o
        10          0          0          0          0          0   rtexit2.o
       128          0          0          0          0         68   strcmpv7m.o
        62          0          0          0          0         76   strlen.o
        74          0          0          0          0         80   sys_stackheap_outer.o
         2          0          0          0          0         68   use_no_semi.o
         2          0          0          0          0         68   use_no_semi_2.o
        90          4          0          0          0        140   dfixu.o
        38          0          0          0          0        116   dflt_clz.o
       340         12          0          0          0        152   dmul.o
       156          4          0          0          0        140   dnaninf.o
        12          0          0          0          0        116   dretinf.o
        10          0          0          0          0        116   fpinit.o
         4          0          0          0          0        116   printf1.o
         0          0          0          0          0          0   usenofp.o
        48          0          0          0          0        124   fpclassify.o

    ----------------------------------------------------------------------
      7178        280        514          0         96       5476   Library Totals
        10          0          1          0          0          0   (incl. Padding)

    ----------------------------------------------------------------------

      Code (inc. data)   RO Data    RW Data    ZI Data      Debug   Library Name

      6470        260        513          0         96       4456   c_w.l
       650         20          0          0          0        896   fz_wm.l
        48          0          0          0          0        124   m_wm.l

    ----------------------------------------------------------------------
      7178        280        514          0         96       5476   Library Totals

    ----------------------------------------------------------------------

==============================================================================


      Code (inc. data)   RO Data    RW Data    ZI Data      Debug   

     41842       3518       7018        536    1137224     519580   Grand Totals
     41842       3518       7018        252    1137224     519580   ELF Image Totals (compressed)
     41842       3518       7018        252          0          0   ROM Totals

==============================================================================

    Total RO  Size (Code + RO Data)                48860 (  47.71kB)
    Total RW  Size (RW Data + ZI Data)           1137760 (1111.09kB)
    Total ROM Size (Code + RO Data + RW Data)      49112 (  47.96kB)

==============================================================================

