<html>
<body>
<pre>
<h1>礦ision Build Log</h1>
<h2>Tool Versions:</h2>
IDE-Version: μVision V5.14.0.0
Copyright (C) 2015 ARM Ltd and ARM Germany GmbH. All rights reserved.
License Information: 1 Administrator, 1, LIC=TIVNB-2KQ65-8TS3P-MN8GP-PS14U-GNY4X
 
Tool Versions:
Toolchain:       MDK-ARM Standard  Version: 5.14.0.0
Toolchain Path:  C:\Keil_v5\ARM\ARMCC\Bin
C Compiler:      Armcc.exe V5.05 update 1 (build 106)
Assembler:       Armasm.exe V5.05 update 1 (build 106)
Linker/Locator:  ArmLink.exe V5.05 update 1 (build 106)
Library Manager: ArmAr.exe V5.05 update 1 (build 106)
Hex Converter:   FromElf.exe V5.05 update 1 (build 106)
CPU DLL:         SARMCM3.DLL V5.14.0.0
Dialog DLL:      DCM.DLL V1.13.1.0
Target DLL:      STLink\ST-LINKIII-KEIL_SWO.dll V2.0.14.0_KEIL
Dialog DLL:      TCM.DLL V1.14.4.0
 
<h2>Project:</h2>
C:\Users\Administrator\Desktop\USB_TASK\USER\FreeRTOS.uvprojx
Project File Date:  09/22/2021

<h2>Output:</h2>
Rebuild target 'FreeRTOS'
compiling main.c...
main.c(199): warning:  #111-D: statement is unreachable
          vTaskDelay(100);           //延时10ms，也就是10个时钟节拍     
main.c: 1 warning, 0 errors
compiling stm32f4xx_it.c...
compiling system_stm32f4xx.c...
compiling led.c...
compiling timer.c...
compiling lcd.c...
compiling key.c...
compiling beep.c...
compiling sram.c...
compiling 24cxx.c...
compiling myiic.c...
compiling delay.c...
compiling sys.c...
compiling usart.c...
assembling startup_stm32f40_41xxx.s...
compiling misc.c...
compiling stm32f4xx_gpio.c...
compiling stm32f4xx_rcc.c...
compiling stm32f4xx_syscfg.c...
compiling stm32f4xx_usart.c...
compiling stm32f4xx_tim.c...
compiling stm32f4xx_fsmc.c...
compiling malloc.c...
compiling croutine.c...
compiling event_groups.c...
compiling list.c...
compiling queue.c...
compiling tasks.c...
compiling timers.c...
compiling port.c...
compiling heap_4.c...
compiling usb_bsp.c...
compiling usbd_cdc_vcp.c...
..\USB\USB_APP\usbd_cdc_vcp.c(48): warning:  #144-D: a value of type "uint16_t (*)(uint8_t)" cannot be used to initialize an entity of type "uint16_t (*)(uint8_t *, uint32_t)"
        VCP_DataTx,
..\USB\USB_APP\usbd_cdc_vcp.c: 1 warning, 0 errors
compiling usbd_desc.c...
compiling usbd_usr.c...
compiling usbd_core.c...
compiling usbd_ioreq.c...
compiling usbd_req.c...
compiling usbd_cdc_core.c...
compiling usb_core.c...
compiling usb_dcd.c...
compiling usb_dcd_int.c...
linking...
Program Size: Code=41842 RO-data=7018 RW-data=536 ZI-data=1137224  
FromELF: creating hex file...
"..\OBJ\LED.axf" - 0 Error(s), 2 Warning(s).

<h2>Collection of Component include folders:</h2>
  C:\Users\Administrator\Desktop\USB_TASK\USER\RTE
  C:\Keil_v5\ARM\PACK\Keil\STM32F4xx_DFP\1.0.8\Device\Include

<h2>Collection of Component Files used:</h2>
</pre>
</body>
</html>
